Archive member included to satisfy reference by file (symbol)

c:/st/stm32cubeide_1.10.1/stm32cubeide/plugins/com.st.stm32cube.ide.mcu.externaltools.gnu-tools-for-stm32.10.3-2021.10.win32_1.0.0.202111181127/tools/bin/../lib/gcc/arm-none-eabi/10.3.1/../../../../arm-none-eabi/lib/thumb/v7e-m+fp/hard\libc_nano.a(lib_a-errno.o)
                              ./Core/Src/syscalls.o (__errno)
c:/st/stm32cubeide_1.10.1/stm32cubeide/plugins/com.st.stm32cube.ide.mcu.externaltools.gnu-tools-for-stm32.10.3-2021.10.win32_1.0.0.202111181127/tools/bin/../lib/gcc/arm-none-eabi/10.3.1/../../../../arm-none-eabi/lib/thumb/v7e-m+fp/hard\libc_nano.a(lib_a-exit.o)
                              c:/st/stm32cubeide_1.10.1/stm32cubeide/plugins/com.st.stm32cube.ide.mcu.externaltools.gnu-tools-for-stm32.10.3-2021.10.win32_1.0.0.202111181127/tools/bin/../lib/gcc/arm-none-eabi/10.3.1/../../../../arm-none-eabi/lib/thumb/v7e-m+fp/hard/crt0.o (exit)
c:/st/stm32cubeide_1.10.1/stm32cubeide/plugins/com.st.stm32cube.ide.mcu.externaltools.gnu-tools-for-stm32.10.3-2021.10.win32_1.0.0.202111181127/tools/bin/../lib/gcc/arm-none-eabi/10.3.1/../../../../arm-none-eabi/lib/thumb/v7e-m+fp/hard\libc_nano.a(lib_a-findfp.o)
                              ./Middlewares/Third_Party/FreeRTOS/Source/tasks.o (__sf_fake_stderr)
c:/st/stm32cubeide_1.10.1/stm32cubeide/plugins/com.st.stm32cube.ide.mcu.externaltools.gnu-tools-for-stm32.10.3-2021.10.win32_1.0.0.202111181127/tools/bin/../lib/gcc/arm-none-eabi/10.3.1/../../../../arm-none-eabi/lib/thumb/v7e-m+fp/hard\libc_nano.a(lib_a-fwalk.o)
                              c:/st/stm32cubeide_1.10.1/stm32cubeide/plugins/com.st.stm32cube.ide.mcu.externaltools.gnu-tools-for-stm32.10.3-2021.10.win32_1.0.0.202111181127/tools/bin/../lib/gcc/arm-none-eabi/10.3.1/../../../../arm-none-eabi/lib/thumb/v7e-m+fp/hard\libc_nano.a(lib_a-findfp.o) (_fwalk)
c:/st/stm32cubeide_1.10.1/stm32cubeide/plugins/com.st.stm32cube.ide.mcu.externaltools.gnu-tools-for-stm32.10.3-2021.10.win32_1.0.0.202111181127/tools/bin/../lib/gcc/arm-none-eabi/10.3.1/../../../../arm-none-eabi/lib/thumb/v7e-m+fp/hard\libc_nano.a(lib_a-impure.o)
                              c:/st/stm32cubeide_1.10.1/stm32cubeide/plugins/com.st.stm32cube.ide.mcu.externaltools.gnu-tools-for-stm32.10.3-2021.10.win32_1.0.0.202111181127/tools/bin/../lib/gcc/arm-none-eabi/10.3.1/../../../../arm-none-eabi/lib/thumb/v7e-m+fp/hard\libc_nano.a(lib_a-exit.o) (_global_impure_ptr)
c:/st/stm32cubeide_1.10.1/stm32cubeide/plugins/com.st.stm32cube.ide.mcu.externaltools.gnu-tools-for-stm32.10.3-2021.10.win32_1.0.0.202111181127/tools/bin/../lib/gcc/arm-none-eabi/10.3.1/../../../../arm-none-eabi/lib/thumb/v7e-m+fp/hard\libc_nano.a(lib_a-init.o)
                              c:/st/stm32cubeide_1.10.1/stm32cubeide/plugins/com.st.stm32cube.ide.mcu.externaltools.gnu-tools-for-stm32.10.3-2021.10.win32_1.0.0.202111181127/tools/bin/../lib/gcc/arm-none-eabi/10.3.1/../../../../arm-none-eabi/lib/thumb/v7e-m+fp/hard/crt0.o (__libc_init_array)
c:/st/stm32cubeide_1.10.1/stm32cubeide/plugins/com.st.stm32cube.ide.mcu.externaltools.gnu-tools-for-stm32.10.3-2021.10.win32_1.0.0.202111181127/tools/bin/../lib/gcc/arm-none-eabi/10.3.1/../../../../arm-none-eabi/lib/thumb/v7e-m+fp/hard\libc_nano.a(lib_a-lock.o)
                              c:/st/stm32cubeide_1.10.1/stm32cubeide/plugins/com.st.stm32cube.ide.mcu.externaltools.gnu-tools-for-stm32.10.3-2021.10.win32_1.0.0.202111181127/tools/bin/../lib/gcc/arm-none-eabi/10.3.1/../../../../arm-none-eabi/lib/thumb/v7e-m+fp/hard\libc_nano.a(lib_a-findfp.o) (__retarget_lock_init_recursive)
c:/st/stm32cubeide_1.10.1/stm32cubeide/plugins/com.st.stm32cube.ide.mcu.externaltools.gnu-tools-for-stm32.10.3-2021.10.win32_1.0.0.202111181127/tools/bin/../lib/gcc/arm-none-eabi/10.3.1/../../../../arm-none-eabi/lib/thumb/v7e-m+fp/hard\libc_nano.a(lib_a-memcpy-stub.o)
                              ./Middlewares/Third_Party/FreeRTOS/Source/queue.o (memcpy)
c:/st/stm32cubeide_1.10.1/stm32cubeide/plugins/com.st.stm32cube.ide.mcu.externaltools.gnu-tools-for-stm32.10.3-2021.10.win32_1.0.0.202111181127/tools/bin/../lib/gcc/arm-none-eabi/10.3.1/../../../../arm-none-eabi/lib/thumb/v7e-m+fp/hard\libc_nano.a(lib_a-memset.o)
                              c:/st/stm32cubeide_1.10.1/stm32cubeide/plugins/com.st.stm32cube.ide.mcu.externaltools.gnu-tools-for-stm32.10.3-2021.10.win32_1.0.0.202111181127/tools/bin/../lib/gcc/arm-none-eabi/10.3.1/../../../../arm-none-eabi/lib/thumb/v7e-m+fp/hard/crt0.o (memset)
c:/st/stm32cubeide_1.10.1/stm32cubeide/plugins/com.st.stm32cube.ide.mcu.externaltools.gnu-tools-for-stm32.10.3-2021.10.win32_1.0.0.202111181127/tools/bin/../lib/gcc/arm-none-eabi/10.3.1/../../../../arm-none-eabi/lib/thumb/v7e-m+fp/hard\libc_nano.a(lib_a-nano-mallocr.o)
[...]
Memory Configuration

Name             Origin             Length             Attributes
RAM              0x0000000020000000 0x0000000000040000 xrw
FLASH            0x0000000008000000 0x0000000000080000 xr
*default*        0x0000000000000000 0xffffffffffffffff

Linker script and memory map

LOAD c:/st/stm32cubeide_1.10.1/stm32cubeide/plugins/com.st.stm32cube.ide.mcu.externaltools.gnu-tools-for-stm32.10.3-2021.10.win32_1.0.0.202111181127/tools/bin/../lib/gcc/arm-none-eabi/10.3.1/thumb/v7e-m+fp/hard/crti.o
LOAD c:/st/stm32cubeide_1.10.1/stm32cubeide/plugins/com.st.stm32cube.ide.mcu.externaltools.gnu-tools-for-stm32.10.3-2021.10.win32_1.0.0.202111181127/tools/bin/../lib/gcc/arm-none-eabi/10.3.1/thumb/v7e-m+fp/hard/crtbegin.o
LOAD c:/st/stm32cubeide_1.10.1/stm32cubeide/plugins/com.st.stm32cube.ide.mcu.externaltools.gnu-tools-for-stm32.10.3-2021.10.win32_1.0.0.202111181127/tools/bin/../lib/gcc/arm-none-eabi/10.3.1/../../../../arm-none-eabi/lib/thumb/v7e-m+fp/hard/crt0.o
LOAD ./Core/Src/freertos.o
LOAD ./Core/Src/main.o
LOAD ./Core/Src/stm32f7xx_hal_msp.o
LOAD ./Core/Src/stm32f7xx_hal_timebase_tim.o
LOAD ./Core/Src/stm32f7xx_it.o
LOAD ./Core/Src/syscalls.o
LOAD ./Core/Src/sysmem.o
LOAD ./Core/Src/system_stm32f7xx.o
LOAD ./Core/Startup/startup_stm32f722zetx.o
LOAD ./Drivers/STM32F7xx_HAL_Driver/Src/stm32f7xx_hal.o
LOAD ./Drivers/STM32F7xx_HAL_Driver/Src/stm32f7xx_hal_cortex.o
LOAD ./Drivers/STM32F7xx_HAL_Driver/Src/stm32f7xx_hal_dma.o
LOAD ./Drivers/STM32F7xx_HAL_Driver/Src/stm32f7xx_hal_dma_ex.o
LOAD ./Drivers/STM32F7xx_HAL_Driver/Src/stm32f7xx_hal_exti.o
LOAD ./Drivers/STM32F7xx_HAL_Driver/Src/stm32f7xx_hal_flash.o
LOAD ./Drivers/STM32F7xx_HAL_Driver/Src/stm32f7xx_hal_flash_ex.o
LOAD ./Drivers/STM32F7xx_HAL_Driver/Src/stm32f7xx_hal_gpio.o
LOAD ./Drivers/STM32F7xx_HAL_Driver/Src/stm32f7xx_hal_i2c.o
LOAD ./Drivers/STM32F7xx_HAL_Driver/Src/stm32f7xx_hal_i2c_ex.o
LOAD ./Drivers/STM32F7xx_HAL_Driver/Src/stm32f7xx_hal_pcd.o
LOAD ./Drivers/STM32F7xx_HAL_Driver/Src/stm32f7xx_hal_pcd_ex.o
LOAD ./Drivers/STM32F7xx_HAL_Driver/Src/stm32f7xx_hal_pwr.o
LOAD ./Drivers/STM32F7xx_HAL_Driver/Src/stm32f7xx_hal_pwr_ex.o
LOAD ./Drivers/STM32F7xx_HAL_Driver/Src/stm32f7xx_hal_rcc.o
LOAD ./Drivers/STM32F7xx_HAL_Driver/Src/stm32f7xx_hal_rcc_ex.o
LOAD ./Drivers/STM32F7xx_HAL_Driver/Src/stm32f7xx_hal_tim.o
LOAD ./Drivers/STM32F7xx_HAL_Driver/Src/stm32f7xx_hal_tim_ex.o
LOAD ./Drivers/STM32F7xx_HAL_Driver/Src/stm32f7xx_hal_uart.o
LOAD ./Drivers/STM32F7xx_HAL_Driver/Src/stm32f7xx_hal_uart_ex.o
LOAD ./Drivers/STM32F7xx_HAL_Driver/Src/stm32f7xx_ll_usb.o
LOAD ./Middlewares/Third_Party/FreeRTOS/Source/CMSIS_RTOS/cmsis_os.o
LOAD ./Middlewares/Third_Party/FreeRTOS/Source/croutine.o
LOAD ./Middlewares/Third_Party/FreeRTOS/Source/event_groups.o
LOAD ./Middlewares/Third_Party/FreeRTOS/Source/list.o
LOAD ./Middlewares/Third_Party/FreeRTOS/Source/queue.o
LOAD ./Middlewares/Third_Party/FreeRTOS/Source/stream_buffer.o
LOAD ./Middlewares/Third_Party/FreeRTOS/Source/tasks.o
LOAD ./Middlewares/Third_Party/FreeRTOS/Source/timers.o
LOAD ./Middlewares/Third_Party/FreeRTOS/Source/portable/GCC/ARM_CM7/r0p1/port.o
LOAD ./Middlewares/Third_Party/FreeRTOS/Source/portable/MemMang/heap_4.o
START GROUP
LOAD c:/st/stm32cubeide_1.10.1/stm32cubeide/plugins/com.st.stm32cube.ide.mcu.externaltools.gnu-tools-for-stm32.10.3-2021.10.win32_1.0.0.202111181127/tools/bin/../lib/gcc/arm-none-eabi/10.3.1/../../../../arm-none-eabi/lib/thumb/v7e-m+fp/hard\libstdc++_nano.a
LOAD c:/st/stm32cubeide_1.10.1/stm32cubeide/plugins/com.st.stm32cube.ide.mcu.externaltools.gnu-tools-for-stm32.10.3-2021.10.win32_1.0.0.202111181127/tools/bin/../lib/gcc/arm-none-eabi/10.3.1/../../../../arm-none-eabi/lib/thumb/v7e-m+fp/hard\libsupc++_nano.a
END GROUP
LOAD c:/st/stm32cubeide_1.10.1/stm32cubeide/plugins/com.st.stm32cube.ide.mcu.externaltools.gnu-tools-for-stm32.10.3-2021.10.win32_1.0.0.202111181127/tools/bin/../lib/gcc/arm-none-eabi/10.3.1/../../../../arm-none-eabi/lib/thumb/v7e-m+fp/hard\libstdc++_nano.a
LOAD c:/st/stm32cubeide_1.10.1/stm32cubeide/plugins/com.st.stm32cube.ide.mcu.externaltools.gnu-tools-for-stm32.10.3-2021.10.win32_1.0.0.202111181127/tools/bin/../lib/gcc/arm-none-eabi/10.3.1/../../../../arm-none-eabi/lib/thumb/v7e-m+fp/hard\libm.a
LOAD c:/st/stm32cubeide_1.10.1/stm32cubeide/plugins/com.st.stm32cube.ide.mcu.externaltools.gnu-tools-for-stm32.10.3-2021.10.win32_1.0.0.202111181127/tools/bin/../lib/gcc/arm-none-eabi/10.3.1/../../../../arm-none-eabi/lib/thumb/v7e-m+fp/hard\libc_nano.a
START GROUP
LOAD c:/st/stm32cubeide_1.10.1/stm32cubeide/plugins/com.st.stm32cube.ide.mcu.externaltools.gnu-tools-for-stm32.10.3-2021.10.win32_1.0.0.202111181127/tools/bin/../lib/gcc/arm-none-eabi/10.3.1/thumb/v7e-m+fp/hard\libgcc.a
LOAD c:/st/stm32cubeide_1.10.1/stm32cubeide/plugins/com.st.stm32cube.ide.mcu.externaltools.gnu-tools-for-stm32.10.3-2021.10.win32_1.0.0.202111181127/tools/bin/../lib/gcc/arm-none-eabi/10.3.1/../../../../arm-none-eabi/lib/thumb/v7e-m+fp/hard\libc_nano.a
END GROUP
START GROUP
LOAD c:/st/stm32cubeide_1.10.1/stm32cubeide/plugins/com.st.stm32cube.ide.mcu.externaltools.gnu-tools-for-stm32.10.3-2021.10.win32_1.0.0.202111181127/tools/bin/../lib/gcc/arm-none-eabi/10.3.1/thumb/v7e-m+fp/hard\libgcc.a
LOAD c:/st/stm32cubeide_1.10.1/stm32cubeide/plugins/com.st.stm32cube.ide.mcu.externaltools.gnu-tools-for-stm32.10.3-2021.10.win32_1.0.0.202111181127/tools/bin/../lib/gcc/arm-none-eabi/10.3.1/../../../../arm-none-eabi/lib/thumb/v7e-m+fp/hard\libc_nano.a
LOAD c:/st/stm32cubeide_1.10.1/stm32cubeide/plugins/com.st.stm32cube.ide.mcu.externaltools.gnu-tools-for-stm32.10.3-2021.10.win32_1.0.0.202111181127/tools/bin/../lib/gcc/arm-none-eabi/10.3.1/../../../../arm-none-eabi/lib/thumb/v7e-m+fp/hard\libnosys.a
END GROUP
START GROUP
LOAD c:/st/stm32cubeide_1.10.1/stm32cubeide/plugins/com.st.stm32cube.ide.mcu.externaltools.gnu-tools-for-stm32.10.3-2021.10.win32_1.0.0.202111181127/tools/bin/../lib/gcc/arm-none-eabi/10.3.1/thumb/v7e-m+fp/hard\libgcc.a
LOAD c:/st/stm32cubeide_1.10.1/stm32cubeide/plugins/com.st.stm32cube.ide.mcu.externaltools.gnu-tools-for-stm32.10.3-2021.10.win32_1.0.0.202111181127/tools/bin/../lib/gcc/arm-none-eabi/10.3.1/../../../../arm-none-eabi/lib/thumb/v7e-m+fp/hard\libc_nano.a
LOAD c:/st/stm32cubeide_1.10.1/stm32cubeide/plugins/com.st.stm32cube.ide.mcu.externaltools.gnu-tools-for-stm32.10.3-2021.10.win32_1.0.0.202111181127/tools/bin/../lib/gcc/arm-none-eabi/10.3.1/../../../../arm-none-eabi/lib/thumb/v7e-m+fp/hard\libnosys.a
END GROUP
LOAD c:/st/stm32cubeide_1.10.1/stm32cubeide/plugins/com.st.stm32cube.ide.mcu.externaltools.gnu-tools-for-stm32.10.3-2021.10.win32_1.0.0.202111181127/tools/bin/../lib/gcc/arm-none-eabi/10.3.1/thumb/v7e-m+fp/hard/crtend.o
LOAD c:/st/stm32cubeide_1.10.1/stm32cubeide/plugins/com.st.stm32cube.ide.mcu.externaltools.gnu-tools-for-stm32.10.3-2021.10.win32_1.0.0.202111181127/tools/bin/../lib/gcc/arm-none-eabi/10.3.1/thumb/v7e-m+fp/hard/crtn.o
                0x0000000020040000                _estack = (ORIGIN (RAM) + LENGTH (RAM))
                0x0000000000000200                _Min_Heap_Size = 0x200
                0x0000000000000400                _Min_Stack_Size = 0x400

.isr_vector     0x0000000008000000      0x1e0
                0x0000000008000000                . = ALIGN (0x4)
 *(.isr_vector)
 .isr_vector    0x0000000008000000      0x1e0 ./Core/Startup/startup_stm32f722zetx.o
                0x0000000008000000                g_pfnVectors
                0x00000000080001e0                . = ALIGN (0x4)

.text           0x00000000080001e0     0x75a0
                0x00000000080001e0                . = ALIGN (0x4)
 *(.text)
 .text          0x00000000080001e0       0x40 c:/st/stm32cubeide_1.10.1/stm32cubeide/plugins/com.st.stm32cube.ide.mcu.externaltools.gnu-tools-for-stm32.10.3-2021.10.win32_1.0.0.202111181127/tools/bin/../lib/gcc/arm-none-eabi/10.3.1/thumb/v7e-m+fp/hard/crtbegin.o
 .text          0x0000000008000220       0x30 c:/st/stm32cubeide_1.10.1/stm32cubeide/plugins/com.st.stm32cube.ide.mcu.externaltools.gnu-tools-for-stm32.10.3-2021.10.win32_1.0.0.202111181127/tools/bin/../lib/gcc/arm-none-eabi/10.3.1/thumb/v7e-m+fp/hard\libgcc.a(_aeabi_uldivmod.o)
                0x0000000008000220                __aeabi_uldivmod
 .text          0x0000000008000250      0x2d0 c:/st/stm32cubeide_1.10.1/stm32cubeide/plugins/com.st.stm32cube.ide.mcu.externaltools.gnu-tools-for-stm32.10.3-2021.10.win32_1.0.0.202111181127/tools/bin/../lib/gcc/arm-none-eabi/10.3.1/thumb/v7e-m+fp/hard\libgcc.a(_udivmoddi4.o)
                0x0000000008000250                __udivmoddi4
 .text          0x0000000008000520        0x4 c:/st/stm32cubeide_1.10.1/stm32cubeide/plugins/com.st.stm32cube.ide.mcu.externaltools.gnu-tools-for-stm32.10.3-2021.10.win32_1.0.0.202111181127/tools/bin/../lib/gcc/arm-none-eabi/10.3.1/thumb/v7e-m+fp/hard\libgcc.a(_dvmd_tls.o)
                0x0000000008000520                __aeabi_idiv0
                0x0000000008000520                __aeabi_ldiv0
 *(.text*)
 .text.vApplicationGetIdleTaskMemory
                0x0000000008000524       0x34 ./Core/Src/freertos.o
                0x0000000008000524                vApplicationGetIdleTaskMemory
 .text.HAL_GPIO_EXTI_Callback
                0x0000000008000558       0x58 ./Core/Src/main.o
                0x0000000008000558                HAL_GPIO_EXTI_Callback
 .text.HAL_UART_RxCpltCallback
                0x00000000080005b0       0x20 ./Core/Src/main.o
                0x00000000080005b0                HAL_UART_RxCpltCallback
 .text.main     0x00000000080005d0      0x15c ./Core/Src/main.o
                0x00000000080005d0                main
 .text.SystemClock_Config
                0x000000000800072c       0xdc ./Core/Src/main.o
                0x000000000800072c                SystemClock_Config
 .text.MX_TIM9_Init
                0x0000000008000808       0x74 ./Core/Src/main.o
 .text.MX_USART3_UART_Init
                0x000000000800087c       0x70 ./Core/Src/main.o
 .text.MX_USB_OTG_FS_PCD_Init
                0x00000000080008ec       0x5c ./Core/Src/main.o
 .text.MX_GPIO_Init
                0x0000000008000948      0x154 ./Core/Src/main.o
 .text.StartSecondTask
                0x0000000008000a9c       0x1c ./Core/Src/main.o
                0x0000000008000a9c                StartSecondTask
 .text.StartThirdTask
                0x0000000008000ab8       0x20 ./Core/Src/main.o
                0x0000000008000ab8                StartThirdTask
 .text.StartInterruptTask
                0x0000000008000ad8       0x34 ./Core/Src/main.o
                0x0000000008000ad8                StartInterruptTask
 .text.StartUartReceiveTask
                0x0000000008000b0c       0x34 ./Core/Src/main.o
                0x0000000008000b0c                StartUartReceiveTask
 .text.StartDefaultTask
                0x0000000008000b40       0x1c ./Core/Src/main.o
                0x0000000008000b40                StartDefaultTask
 .text.HAL_TIM_PeriodElapsedCallback
                0x0000000008000b5c       0x24 ./Core/Src/main.o
                0x0000000008000b5c                HAL_TIM_PeriodElapsedCallback
 .text.Error_Handler
                0x0000000008000b80        0xa ./Core/Src/main.o
                0x0000000008000b80                Error_Handler
 *fill*         0x0000000008000b8a        0x2 
 .text.HAL_MspInit
                0x0000000008000b8c       0x50 ./Core/Src/stm32f7xx_hal_msp.o
                0x0000000008000b8c                HAL_MspInit
 .text.HAL_TIM_Base_MspInit
                0x0000000008000bdc       0x40 ./Core/Src/stm32f7xx_hal_msp.o
                0x0000000008000bdc                HAL_TIM_Base_MspInit
 .text.HAL_UART_MspInit
                0x0000000008000c1c       0xd0 ./Core/Src/stm32f7xx_hal_msp.o
                0x0000000008000c1c                HAL_UART_MspInit
 .text.HAL_PCD_MspInit
                0x0000000008000cec       0xf4 ./Core/Src/stm32f7xx_hal_msp.o
                0x0000000008000cec                HAL_PCD_MspInit
 .text.HAL_InitTick
                0x0000000008000de0       0xf4 ./Core/Src/stm32f7xx_hal_timebase_tim.o
                0x0000000008000de0                HAL_InitTick
 .text.NMI_Handler
                0x0000000008000ed4        0x6 ./Core/Src/stm32f7xx_it.o
                0x0000000008000ed4                NMI_Handler
 .text.HardFault_Handler
                0x0000000008000eda        0x6 ./Core/Src/stm32f7xx_it.o
                0x0000000008000eda                HardFault_Handler
 .text.MemManage_Handler
                0x0000000008000ee0        0x6 ./Core/Src/stm32f7xx_it.o
                0x0000000008000ee0                MemManage_Handler
 .text.BusFault_Handler
                0x0000000008000ee6        0x6 ./Core/Src/stm32f7xx_it.o
                0x0000000008000ee6                BusFault_Handler
 .text.UsageFault_Handler
                0x0000000008000eec        0x6 ./Core/Src/stm32f7xx_it.o
                0x0000000008000eec                UsageFault_Handler
 .text.DebugMon_Handler
                0x0000000008000ef2        0xe ./Core/Src/stm32f7xx_it.o
                0x0000000008000ef2                DebugMon_Handler
 .text.USART3_IRQHandler
                0x0000000008000f00       0x20 ./Core/Src/stm32f7xx_it.o
                0x0000000008000f00                USART3_IRQHandler
 .text.EXTI15_10_IRQHandler
                0x0000000008000f20       0x10 ./Core/Src/stm32f7xx_it.o
                0x0000000008000f20                EXTI15_10_IRQHandler
 .text.TIM6_DAC_IRQHandler
                0x0000000008000f30       0x14 ./Core/Src/stm32f7xx_it.o
                0x0000000008000f30                TIM6_DAC_IRQHandler
 .text.SystemInit
                0x0000000008000f44       0x24 ./Core/Src/system_stm32f7xx.o
                0x0000000008000f44                SystemInit
 .text.Reset_Handler
                0x0000000008000f68       0x50 ./Core/Startup/startup_stm32f722zetx.o
                0x0000000008000f68                Reset_Handler
 .text.Default_Handler
                0x0000000008000fb8        0x2 ./Core/Startup/startup_stm32f722zetx.o
                0x0000000008000fb8                RTC_Alarm_IRQHandler
                0x0000000008000fb8                EXTI2_IRQHandler
                0x0000000008000fb8                TIM8_CC_IRQHandler
                0x0000000008000fb8                UART8_IRQHandler
                0x0000000008000fb8                SPI4_IRQHandler
                0x0000000008000fb8                TIM1_CC_IRQHandler
                0x0000000008000fb8                DMA2_Stream5_IRQHandler
                0x0000000008000fb8                DMA1_Stream5_IRQHandler
                0x0000000008000fb8                PVD_IRQHandler
                0x0000000008000fb8                TAMP_STAMP_IRQHandler
                0x0000000008000fb8                EXTI3_IRQHandler
                0x0000000008000fb8                TIM8_TRG_COM_TIM14_IRQHandler
                0x0000000008000fb8                TIM1_UP_TIM10_IRQHandler
                0x0000000008000fb8                TIM8_UP_TIM13_IRQHandler
                0x0000000008000fb8                I2C3_ER_IRQHandler
                0x0000000008000fb8                EXTI0_IRQHandler
                0x0000000008000fb8                I2C2_EV_IRQHandler
                0x0000000008000fb8                DMA1_Stream2_IRQHandler
                0x0000000008000fb8                CAN1_RX0_IRQHandler
                0x0000000008000fb8                FPU_IRQHandler
                0x0000000008000fb8                OTG_HS_WKUP_IRQHandler
                0x0000000008000fb8                DMA2_Stream2_IRQHandler
                0x0000000008000fb8                SPI1_IRQHandler
                0x0000000008000fb8                TIM1_BRK_TIM9_IRQHandler
                0x0000000008000fb8                DMA2_Stream3_IRQHandler
                0x0000000008000fb8                SAI2_IRQHandler
                0x0000000008000fb8                USART6_IRQHandler
                0x0000000008000fb8                CAN1_RX1_IRQHandler
                0x0000000008000fb8                UART5_IRQHandler
                0x0000000008000fb8                DMA2_Stream0_IRQHandler
                0x0000000008000fb8                TIM4_IRQHandler
                0x0000000008000fb8                QUADSPI_IRQHandler
                0x0000000008000fb8                I2C1_EV_IRQHandler
                0x0000000008000fb8                DMA1_Stream6_IRQHandler
                0x0000000008000fb8                DMA1_Stream1_IRQHandler
                0x0000000008000fb8                UART4_IRQHandler
                0x0000000008000fb8                TIM3_IRQHandler
                0x0000000008000fb8                RCC_IRQHandler
                0x0000000008000fb8                TIM8_BRK_TIM12_IRQHandler
                0x0000000008000fb8                Default_Handler
                0x0000000008000fb8                ADC_IRQHandler
                0x0000000008000fb8                DMA1_Stream7_IRQHandler
                0x0000000008000fb8                SPI5_IRQHandler
                0x0000000008000fb8                TIM7_IRQHandler
                0x0000000008000fb8                SDMMC1_IRQHandler
                0x0000000008000fb8                TIM5_IRQHandler
                0x0000000008000fb8                DMA2_Stream7_IRQHandler
                0x0000000008000fb8                I2C3_EV_IRQHandler
                0x0000000008000fb8                EXTI9_5_IRQHandler
                0x0000000008000fb8                RTC_WKUP_IRQHandler
                0x0000000008000fb8                SPI2_IRQHandler
                0x0000000008000fb8                OTG_HS_EP1_IN_IRQHandler
                0x0000000008000fb8                DMA1_Stream0_IRQHandler
                0x0000000008000fb8                CAN1_TX_IRQHandler
                0x0000000008000fb8                EXTI4_IRQHandler
                0x0000000008000fb8                RNG_IRQHandler
                0x0000000008000fb8                OTG_HS_EP1_OUT_IRQHandler
                0x0000000008000fb8                WWDG_IRQHandler
                0x0000000008000fb8                TIM2_IRQHandler
                0x0000000008000fb8                OTG_FS_WKUP_IRQHandler
                0x0000000008000fb8                TIM1_TRG_COM_TIM11_IRQHandler
                0x0000000008000fb8                OTG_HS_IRQHandler
                0x0000000008000fb8                EXTI1_IRQHandler
                0x0000000008000fb8                SDMMC2_IRQHandler
                0x0000000008000fb8                UART7_IRQHandler
                0x0000000008000fb8                USART2_IRQHandler
                0x0000000008000fb8                I2C2_ER_IRQHandler
                0x0000000008000fb8                DMA2_Stream1_IRQHandler
                0x0000000008000fb8                CAN1_SCE_IRQHandler
                0x0000000008000fb8                FLASH_IRQHandler
                0x0000000008000fb8                DMA2_Stream4_IRQHandler
                0x0000000008000fb8                USART1_IRQHandler
                0x0000000008000fb8                OTG_FS_IRQHandler
                0x0000000008000fb8                SPI3_IRQHandler
                0x0000000008000fb8                DMA1_Stream4_IRQHandler
                0x0000000008000fb8                I2C1_ER_IRQHandler
                0x0000000008000fb8                FMC_IRQHandler
                0x0000000008000fb8                LPTIM1_IRQHandler
                0x0000000008000fb8                DMA2_Stream6_IRQHandler
                0x0000000008000fb8                SAI1_IRQHandler
                0x0000000008000fb8                DMA1_Stream3_IRQHandler
 .text.HAL_Init
                0x0000000008000fba       0x1a ./Drivers/STM32F7xx_HAL_Driver/Src/stm32f7xx_hal.o
                0x0000000008000fba                HAL_Init
 .text.HAL_IncTick
                0x0000000008000fd4       0x28 ./Drivers/STM32F7xx_HAL_Driver/Src/stm32f7xx_hal.o
                0x0000000008000fd4                HAL_IncTick
 .text.HAL_GetTick
                0x0000000008000ffc       0x18 ./Drivers/STM32F7xx_HAL_Driver/Src/stm32f7xx_hal.o
                0x0000000008000ffc                HAL_GetTick
 .text.HAL_Delay
                0x0000000008001014       0x48 ./Drivers/STM32F7xx_HAL_Driver/Src/stm32f7xx_hal.o
                0x0000000008001014                HAL_Delay
 .text.__NVIC_SetPriorityGrouping
                0x000000000800105c       0x48 ./Drivers/STM32F7xx_HAL_Driver/Src/stm32f7xx_hal_cortex.o
 .text.__NVIC_GetPriorityGrouping
                0x00000000080010a4       0x1c ./Drivers/STM32F7xx_HAL_Driver/Src/stm32f7xx_hal_cortex.o
 .text.__NVIC_EnableIRQ
                0x00000000080010c0       0x3c ./Drivers/STM32F7xx_HAL_Driver/Src/stm32f7xx_hal_cortex.o
 .text.__NVIC_SetPriority
                0x00000000080010fc       0x54 ./Drivers/STM32F7xx_HAL_Driver/Src/stm32f7xx_hal_cortex.o
 .text.NVIC_EncodePriority
                0x0000000008001150       0x66 ./Drivers/STM32F7xx_HAL_Driver/Src/stm32f7xx_hal_cortex.o
 .text.HAL_NVIC_SetPriorityGrouping
                0x00000000080011b6       0x16 ./Drivers/STM32F7xx_HAL_Driver/Src/stm32f7xx_hal_cortex.o
                0x00000000080011b6                HAL_NVIC_SetPriorityGrouping
 .text.HAL_NVIC_SetPriority
                0x00000000080011cc       0x38 ./Drivers/STM32F7xx_HAL_Driver/Src/stm32f7xx_hal_cortex.o
                0x00000000080011cc                HAL_NVIC_SetPriority
 .text.HAL_NVIC_EnableIRQ
                0x0000000008001204       0x1c ./Drivers/STM32F7xx_HAL_Driver/Src/stm32f7xx_hal_cortex.o
                0x0000000008001204                HAL_NVIC_EnableIRQ
 .text.HAL_DMA_Abort
                0x0000000008001220       0xe0 ./Drivers/STM32F7xx_HAL_Driver/Src/stm32f7xx_hal_dma.o
                0x0000000008001220                HAL_DMA_Abort
 .text.HAL_DMA_Abort_IT
                0x0000000008001300       0x44 ./Drivers/STM32F7xx_HAL_Driver/Src/stm32f7xx_hal_dma.o
                0x0000000008001300                HAL_DMA_Abort_IT
 .text.HAL_GPIO_Init
                0x0000000008001344      0x338 ./Drivers/STM32F7xx_HAL_Driver/Src/stm32f7xx_hal_gpio.o
                0x0000000008001344                HAL_GPIO_Init
 .text.HAL_GPIO_WritePin
                0x000000000800167c       0x32 ./Drivers/STM32F7xx_HAL_Driver/Src/stm32f7xx_hal_gpio.o
                0x000000000800167c                HAL_GPIO_WritePin
 .text.HAL_GPIO_TogglePin
                0x00000000080016ae       0x34 ./Drivers/STM32F7xx_HAL_Driver/Src/stm32f7xx_hal_gpio.o
                0x00000000080016ae                HAL_GPIO_TogglePin
 *fill*         0x00000000080016e2        0x2 
 .text.HAL_GPIO_EXTI_IRQHandler
                0x00000000080016e4       0x30 ./Drivers/STM32F7xx_HAL_Driver/Src/stm32f7xx_hal_gpio.o
                0x00000000080016e4                HAL_GPIO_EXTI_IRQHandler
 .text.HAL_PCD_Init
                0x0000000008001714      0x248 ./Drivers/STM32F7xx_HAL_Driver/Src/stm32f7xx_hal_pcd.o
                0x0000000008001714                HAL_PCD_Init
 .text.HAL_PCDEx_ActivateLPM
                0x000000000800195c       0x48 ./Drivers/STM32F7xx_HAL_Driver/Src/stm32f7xx_hal_pcd_ex.o
                0x000000000800195c                HAL_PCDEx_ActivateLPM
 .text.HAL_PWR_EnableBkUpAccess
                0x00000000080019a4       0x20 ./Drivers/STM32F7xx_HAL_Driver/Src/stm32f7xx_hal_pwr.o
                0x00000000080019a4                HAL_PWR_EnableBkUpAccess
 .text.HAL_PWREx_EnableOverDrive
                0x00000000080019c4       0xa0 ./Drivers/STM32F7xx_HAL_Driver/Src/stm32f7xx_hal_pwr_ex.o
                0x00000000080019c4                HAL_PWREx_EnableOverDrive
 .text.HAL_RCC_OscConfig
                0x0000000008001a64      0x548 ./Drivers/STM32F7xx_HAL_Driver/Src/stm32f7xx_hal_rcc.o
                0x0000000008001a64                HAL_RCC_OscConfig
 .text.HAL_RCC_ClockConfig
                0x0000000008001fac      0x1d8 ./Drivers/STM32F7xx_HAL_Driver/Src/stm32f7xx_hal_rcc.o
                0x0000000008001fac                HAL_RCC_ClockConfig
 .text.HAL_RCC_GetSysClockFreq
                0x0000000008002184      0x20c ./Drivers/STM32F7xx_HAL_Driver/Src/stm32f7xx_hal_rcc.o
                0x0000000008002184                HAL_RCC_GetSysClockFreq
 .text.HAL_RCC_GetHCLKFreq
                0x0000000008002390       0x18 ./Drivers/STM32F7xx_HAL_Driver/Src/stm32f7xx_hal_rcc.o
                0x0000000008002390                HAL_RCC_GetHCLKFreq
 .text.HAL_RCC_GetPCLK1Freq
                0x00000000080023a8       0x28 ./Drivers/STM32F7xx_HAL_Driver/Src/stm32f7xx_hal_rcc.o
                0x00000000080023a8                HAL_RCC_GetPCLK1Freq
 .text.HAL_RCC_GetPCLK2Freq
                0x00000000080023d0       0x28 ./Drivers/STM32F7xx_HAL_Driver/Src/stm32f7xx_hal_rcc.o
                0x00000000080023d0                HAL_RCC_GetPCLK2Freq
 .text.HAL_RCC_GetClockConfig
                0x00000000080023f8       0x64 ./Drivers/STM32F7xx_HAL_Driver/Src/stm32f7xx_hal_rcc.o
                0x00000000080023f8                HAL_RCC_GetClockConfig
 .text.HAL_RCCEx_PeriphCLKConfig
                0x000000000800245c      0x694 ./Drivers/STM32F7xx_HAL_Driver/Src/stm32f7xx_hal_rcc_ex.o
                0x000000000800245c                HAL_RCCEx_PeriphCLKConfig
 .text.HAL_TIM_Base_Init
                0x0000000008002af0       0xae ./Drivers/STM32F7xx_HAL_Driver/Src/stm32f7xx_hal_tim.o
                0x0000000008002af0                HAL_TIM_Base_Init
 *fill*         0x0000000008002b9e        0x2 
 .text.HAL_TIM_Base_Start_IT
                0x0000000008002ba0       0xf0 ./Drivers/STM32F7xx_HAL_Driver/Src/stm32f7xx_hal_tim.o
                0x0000000008002ba0                HAL_TIM_Base_Start_IT
 .text.HAL_TIM_IRQHandler
                0x0000000008002c90      0x23e ./Drivers/STM32F7xx_HAL_Driver/Src/stm32f7xx_hal_tim.o
                0x0000000008002c90                HAL_TIM_IRQHandler
 *fill*         0x0000000008002ece        0x2 
 .text.HAL_TIM_ConfigClockSource
                0x0000000008002ed0      0x194 ./Drivers/STM32F7xx_HAL_Driver/Src/stm32f7xx_hal_tim.o
                0x0000000008002ed0                HAL_TIM_ConfigClockSource
 .text.HAL_TIM_OC_DelayElapsedCallback
                0x0000000008003064       0x14 ./Drivers/STM32F7xx_HAL_Driver/Src/stm32f7xx_hal_tim.o
                0x0000000008003064                HAL_TIM_OC_DelayElapsedCallback
 .text.HAL_TIM_IC_CaptureCallback
                0x0000000008003078       0x14 ./Drivers/STM32F7xx_HAL_Driver/Src/stm32f7xx_hal_tim.o
                0x0000000008003078                HAL_TIM_IC_CaptureCallback
 .text.HAL_TIM_PWM_PulseFinishedCallback
                0x000000000800308c       0x14 ./Drivers/STM32F7xx_HAL_Driver/Src/stm32f7xx_hal_tim.o
                0x000000000800308c                HAL_TIM_PWM_PulseFinishedCallback
 .text.HAL_TIM_TriggerCallback
                0x00000000080030a0       0x14 ./Drivers/STM32F7xx_HAL_Driver/Src/stm32f7xx_hal_tim.o
                0x00000000080030a0                HAL_TIM_TriggerCallback
 .text.TIM_Base_SetConfig
                0x00000000080030b4      0x140 ./Drivers/STM32F7xx_HAL_Driver/Src/stm32f7xx_hal_tim.o
                0x00000000080030b4                TIM_Base_SetConfig
 .text.TIM_TI1_ConfigInputStage
                0x00000000080031f4       0x5e ./Drivers/STM32F7xx_HAL_Driver/Src/stm32f7xx_hal_tim.o
 .text.TIM_TI2_ConfigInputStage
                0x0000000008003252       0x60 ./Drivers/STM32F7xx_HAL_Driver/Src/stm32f7xx_hal_tim.o
 .text.TIM_ITRx_SetConfig
                0x00000000080032b2       0x36 ./Drivers/STM32F7xx_HAL_Driver/Src/stm32f7xx_hal_tim.o
 .text.TIM_ETR_SetConfig
                0x00000000080032e8       0x40 ./Drivers/STM32F7xx_HAL_Driver/Src/stm32f7xx_hal_tim.o
                0x00000000080032e8                TIM_ETR_SetConfig
 .text.HAL_TIMEx_CommutCallback
                0x0000000008003328       0x14 ./Drivers/STM32F7xx_HAL_Driver/Src/stm32f7xx_hal_tim_ex.o
                0x0000000008003328                HAL_TIMEx_CommutCallback
 .text.HAL_TIMEx_BreakCallback
                0x000000000800333c       0x14 ./Drivers/STM32F7xx_HAL_Driver/Src/stm32f7xx_hal_tim_ex.o
                0x000000000800333c                HAL_TIMEx_BreakCallback
 .text.HAL_TIMEx_Break2Callback
                0x0000000008003350       0x14 ./Drivers/STM32F7xx_HAL_Driver/Src/stm32f7xx_hal_tim_ex.o
                0x0000000008003350                HAL_TIMEx_Break2Callback
 .text.HAL_UART_Init
                0x0000000008003364       0x9c ./Drivers/STM32F7xx_HAL_Driver/Src/stm32f7xx_hal_uart.o
                0x0000000008003364                HAL_UART_Init
 .text.HAL_UART_Transmit
                0x0000000008003400      0x106 ./Drivers/STM32F7xx_HAL_Driver/Src/stm32f7xx_hal_uart.o
                0x0000000008003400                HAL_UART_Transmit
 .text.HAL_UART_Receive_IT
                0x0000000008003506       0x88 ./Drivers/STM32F7xx_HAL_Driver/Src/stm32f7xx_hal_uart.o
                0x0000000008003506                HAL_UART_Receive_IT
 *fill*         0x000000000800358e        0x2 
 .text.HAL_UART_IRQHandler
                0x0000000008003590      0x5a4 ./Drivers/STM32F7xx_HAL_Driver/Src/stm32f7xx_hal_uart.o
                0x0000000008003590                HAL_UART_IRQHandler
 .text.HAL_UART_TxCpltCallback
                0x0000000008003b34       0x14 ./Drivers/STM32F7xx_HAL_Driver/Src/stm32f7xx_hal_uart.o
                0x0000000008003b34                HAL_UART_TxCpltCallback
 .text.HAL_UART_ErrorCallback
                0x0000000008003b48       0x14 ./Drivers/STM32F7xx_HAL_Driver/Src/stm32f7xx_hal_uart.o
                0x0000000008003b48                HAL_UART_ErrorCallback
 .text.HAL_UARTEx_RxEventCallback
                0x0000000008003b5c       0x18 ./Drivers/STM32F7xx_HAL_Driver/Src/stm32f7xx_hal_uart.o
                0x0000000008003b5c                HAL_UARTEx_RxEventCallback
 .text.UART_SetConfig
                0x0000000008003b74      0x4c8 ./Drivers/STM32F7xx_HAL_Driver/Src/stm32f7xx_hal_uart.o
                0x0000000008003b74                UART_SetConfig
 .text.UART_AdvFeatureConfig
                0x000000000800403c      0x144 ./Drivers/STM32F7xx_HAL_Driver/Src/stm32f7xx_hal_uart.o
                0x000000000800403c                UART_AdvFeatureConfig
 .text.UART_CheckIdleState
                0x0000000008004180       0x6e ./Drivers/STM32F7xx_HAL_Driver/Src/stm32f7xx_hal_uart.o
                0x0000000008004180                UART_CheckIdleState
 .text.UART_WaitOnFlagUntilTimeout
                0x00000000080041ee      0x18c ./Drivers/STM32F7xx_HAL_Driver/Src/stm32f7xx_hal_uart.o
                0x00000000080041ee                UART_WaitOnFlagUntilTimeout
 *fill*         0x000000000800437a        0x2 
 .text.UART_Start_Receive_IT
                0x000000000800437c      0x18c ./Drivers/STM32F7xx_HAL_Driver/Src/stm32f7xx_hal_uart.o
                0x000000000800437c                UART_Start_Receive_IT
 .text.UART_EndRxTransfer
                0x0000000008004508       0xc8 ./Drivers/STM32F7xx_HAL_Driver/Src/stm32f7xx_hal_uart.o
 .text.UART_DMAAbortOnError
                0x00000000080045d0       0x2c ./Drivers/STM32F7xx_HAL_Driver/Src/stm32f7xx_hal_uart.o
 .text.UART_EndTransmit_IT
                0x00000000080045fc       0x54 ./Drivers/STM32F7xx_HAL_Driver/Src/stm32f7xx_hal_uart.o
 .text.UART_RxISR_8BIT
                0x0000000008004650      0x166 ./Drivers/STM32F7xx_HAL_Driver/Src/stm32f7xx_hal_uart.o
 .text.UART_RxISR_16BIT
                0x00000000080047b6      0x166 ./Drivers/STM32F7xx_HAL_Driver/Src/stm32f7xx_hal_uart.o
 .text.USB_CoreInit
                0x000000000800491c      0x110 ./Drivers/STM32F7xx_HAL_Driver/Src/stm32f7xx_ll_usb.o
                0x000000000800491c                USB_CoreInit
 .text.USB_DisableGlobalInt
                0x0000000008004a2c       0x22 ./Drivers/STM32F7xx_HAL_Driver/Src/stm32f7xx_ll_usb.o
                0x0000000008004a2c                USB_DisableGlobalInt
 .text.USB_SetCurrentMode
                0x0000000008004a4e       0x98 ./Drivers/STM32F7xx_HAL_Driver/Src/stm32f7xx_ll_usb.o
                0x0000000008004a4e                USB_SetCurrentMode
 *fill*         0x0000000008004ae6        0x2 
 .text.USB_DevInit
                0x0000000008004ae8      0x2dc ./Drivers/STM32F7xx_HAL_Driver/Src/stm32f7xx_ll_usb.o
                0x0000000008004ae8                USB_DevInit
 .text.USB_FlushTxFifo
                0x0000000008004dc4       0x68 ./Drivers/STM32F7xx_HAL_Driver/Src/stm32f7xx_ll_usb.o
                0x0000000008004dc4                USB_FlushTxFifo
 .text.USB_FlushRxFifo
                0x0000000008004e2c       0x60 ./Drivers/STM32F7xx_HAL_Driver/Src/stm32f7xx_ll_usb.o
                0x0000000008004e2c                USB_FlushRxFifo
 .text.USB_SetDevSpeed
                0x0000000008004e8c       0x32 ./Drivers/STM32F7xx_HAL_Driver/Src/stm32f7xx_ll_usb.o
                0x0000000008004e8c                USB_SetDevSpeed
 .text.USB_DevDisconnect
                0x0000000008004ebe       0x42 ./Drivers/STM32F7xx_HAL_Driver/Src/stm32f7xx_ll_usb.o
                0x0000000008004ebe                USB_DevDisconnect
 .text.USB_GetMode
                0x0000000008004f00       0x1c ./Drivers/STM32F7xx_HAL_Driver/Src/stm32f7xx_ll_usb.o
                0x0000000008004f00                USB_GetMode
 .text.USB_CoreReset
                0x0000000008004f1c       0x68 ./Drivers/STM32F7xx_HAL_Driver/Src/stm32f7xx_ll_usb.o
 .text.makeFreeRtosPriority
                0x0000000008004f84       0x30 ./Middlewares/Third_Party/FreeRTOS/Source/CMSIS_RTOS/cmsis_os.o
 .text.inHandlerMode
                0x0000000008004fb4       0x24 ./Middlewares/Third_Party/FreeRTOS/Source/CMSIS_RTOS/cmsis_os.o
 .text.osKernelStart
                0x0000000008004fd8        0xe ./Middlewares/Third_Party/FreeRTOS/Source/CMSIS_RTOS/cmsis_os.o
                0x0000000008004fd8                osKernelStart
 .text.osThreadCreate
                0x0000000008004fe6       0x98 ./Middlewares/Third_Party/FreeRTOS/Source/CMSIS_RTOS/cmsis_os.o
                0x0000000008004fe6                osThreadCreate
 .text.osDelay  0x000000000800507e       0x28 ./Middlewares/Third_Party/FreeRTOS/Source/CMSIS_RTOS/cmsis_os.o
                0x000000000800507e                osDelay
 *fill*         0x00000000080050a6        0x2 
 .text.osSignalSet
                0x00000000080050a8       0x80 ./Middlewares/Third_Party/FreeRTOS/Source/CMSIS_RTOS/cmsis_os.o
                0x00000000080050a8                osSignalSet
 .text.osSignalWait
                0x0000000008005128       0x98 ./Middlewares/Third_Party/FreeRTOS/Source/CMSIS_RTOS/cmsis_os.o
                0x0000000008005128                osSignalWait
 .text.osSemaphoreCreate
                0x00000000080051c0       0x7e ./Middlewares/Third_Party/FreeRTOS/Source/CMSIS_RTOS/cmsis_os.o
                0x00000000080051c0                osSemaphoreCreate
 .text.vListInitialise
                0x000000000800523e       0x40 ./Middlewares/Third_Party/FreeRTOS/Source/list.o
                0x000000000800523e                vListInitialise
 .text.vListInitialiseItem
                0x000000000800527e       0x1a ./Middlewares/Third_Party/FreeRTOS/Source/list.o
                0x000000000800527e                vListInitialiseItem
 .text.vListInsertEnd
                0x0000000008005298       0x48 ./Middlewares/Third_Party/FreeRTOS/Source/list.o
                0x0000000008005298                vListInsertEnd
 .text.vListInsert
                0x00000000080052e0       0x72 ./Middlewares/Third_Party/FreeRTOS/Source/list.o
                0x00000000080052e0                vListInsert
 .text.uxListRemove
                0x0000000008005352       0x54 ./Middlewares/Third_Party/FreeRTOS/Source/list.o
                0x0000000008005352                uxListRemove
 *fill*         0x00000000080053a6        0x2 
 .text.xQueueGenericReset
                0x00000000080053a8       0xd4 ./Middlewares/Third_Party/FreeRTOS/Source/queue.o
                0x00000000080053a8                xQueueGenericReset
 .text.xQueueGenericCreateStatic
                0x000000000800547c      0x104 ./Middlewares/Third_Party/FreeRTOS/Source/queue.o
                0x000000000800547c                xQueueGenericCreateStatic
 .text.xQueueGenericCreate
                0x0000000008005580       0x84 ./Middlewares/Third_Party/FreeRTOS/Source/queue.o
                0x0000000008005580                xQueueGenericCreate
 .text.prvInitialiseNewQueue
                0x0000000008005604       0x3e ./Middlewares/Third_Party/FreeRTOS/Source/queue.o
 .text.xQueueCreateCountingSemaphoreStatic
                0x0000000008005642       0x76 ./Middlewares/Third_Party/FreeRTOS/Source/queue.o
                0x0000000008005642                xQueueCreateCountingSemaphoreStatic
 .text.xQueueCreateCountingSemaphore
                0x00000000080056b8       0x6e ./Middlewares/Third_Party/FreeRTOS/Source/queue.o
                0x00000000080056b8                xQueueCreateCountingSemaphore
 *fill*         0x0000000008005726        0x2 
 .text.xQueueGenericSend
                0x0000000008005728      0x20c ./Middlewares/Third_Party/FreeRTOS/Source/queue.o
                0x0000000008005728                xQueueGenericSend
 .text.prvCopyDataToQueue
                0x0000000008005934       0xd4 ./Middlewares/Third_Party/FreeRTOS/Source/queue.o
 .text.prvUnlockQueue
                0x0000000008005a08       0xa4 ./Middlewares/Third_Party/FreeRTOS/Source/queue.o
 .text.prvIsQueueFull
                0x0000000008005aac       0x30 ./Middlewares/Third_Party/FreeRTOS/Source/queue.o
 .text.xTaskCreateStatic
                0x0000000008005adc       0xc6 ./Middlewares/Third_Party/FreeRTOS/Source/tasks.o
                0x0000000008005adc                xTaskCreateStatic
 .text.xTaskCreate
                0x0000000008005ba2       0x8a ./Middlewares/Third_Party/FreeRTOS/Source/tasks.o
                0x0000000008005ba2                xTaskCreate
 .text.prvInitialiseNewTask
                0x0000000008005c2c      0x140 ./Middlewares/Third_Party/FreeRTOS/Source/tasks.o
 .text.prvAddNewTaskToReadyList
                0x0000000008005d6c       0xd4 ./Middlewares/Third_Party/FreeRTOS/Source/tasks.o
 .text.vTaskDelay
                0x0000000008005e40       0x6c ./Middlewares/Third_Party/FreeRTOS/Source/tasks.o
                0x0000000008005e40                vTaskDelay
 .text.vTaskStartScheduler
                0x0000000008005eac       0xdc ./Middlewares/Third_Party/FreeRTOS/Source/tasks.o
                0x0000000008005eac                vTaskStartScheduler
 .text.vTaskSuspendAll
                0x0000000008005f88       0x1c ./Middlewares/Third_Party/FreeRTOS/Source/tasks.o
                0x0000000008005f88                vTaskSuspendAll
 .text.xTaskResumeAll
                0x0000000008005fa4      0x13c ./Middlewares/Third_Party/FreeRTOS/Source/tasks.o
                0x0000000008005fa4                xTaskResumeAll
 .text.xTaskIncrementTick
                0x00000000080060e0      0x174 ./Middlewares/Third_Party/FreeRTOS/Source/tasks.o
                0x00000000080060e0                xTaskIncrementTick
 .text.vTaskSwitchContext
                0x0000000008006254       0xc8 ./Middlewares/Third_Party/FreeRTOS/Source/tasks.o
                0x0000000008006254                vTaskSwitchContext
 .text.vTaskPlaceOnEventList
                0x000000000800631c       0x4c ./Middlewares/Third_Party/FreeRTOS/Source/tasks.o
                0x000000000800631c                vTaskPlaceOnEventList
 .text.xTaskRemoveFromEventList
                0x0000000008006368       0xc8 ./Middlewares/Third_Party/FreeRTOS/Source/tasks.o
                0x0000000008006368                xTaskRemoveFromEventList
 .text.vTaskInternalSetTimeOutState
                0x0000000008006430       0x2c ./Middlewares/Third_Party/FreeRTOS/Source/tasks.o
                0x0000000008006430                vTaskInternalSetTimeOutState
 .text.xTaskCheckForTimeOut
                0x000000000800645c       0xcc ./Middlewares/Third_Party/FreeRTOS/Source/tasks.o
                0x000000000800645c                xTaskCheckForTimeOut
 .text.vTaskMissedYield
                0x0000000008006528       0x18 ./Middlewares/Third_Party/FreeRTOS/Source/tasks.o
                0x0000000008006528                vTaskMissedYield
 .text.prvIdleTask
                0x0000000008006540       0x30 ./Middlewares/Third_Party/FreeRTOS/Source/tasks.o
 .text.prvInitialiseTaskLists
                0x0000000008006570       0x80 ./Middlewares/Third_Party/FreeRTOS/Source/tasks.o
 .text.prvCheckTasksWaitingTermination
                0x00000000080065f0       0x5c ./Middlewares/Third_Party/FreeRTOS/Source/tasks.o
 .text.prvDeleteTCB
                0x000000000800664c       0x6c ./Middlewares/Third_Party/FreeRTOS/Source/tasks.o
 .text.prvResetNextTaskUnblockTime
                0x00000000080066b8       0x40 ./Middlewares/Third_Party/FreeRTOS/Source/tasks.o
 .text.xTaskGetSchedulerState
                0x00000000080066f8       0x3c ./Middlewares/Third_Party/FreeRTOS/Source/tasks.o
                0x00000000080066f8                xTaskGetSchedulerState
 .text.xTaskPriorityDisinherit
                0x0000000008006734      0x114 ./Middlewares/Third_Party/FreeRTOS/Source/tasks.o
                0x0000000008006734                xTaskPriorityDisinherit
 .text.xTaskNotifyWait
                0x0000000008006848       0xc0 ./Middlewares/Third_Party/FreeRTOS/Source/tasks.o
                0x0000000008006848                xTaskNotifyWait
 .text.xTaskGenericNotify
                0x0000000008006908      0x188 ./Middlewares/Third_Party/FreeRTOS/Source/tasks.o
                0x0000000008006908                xTaskGenericNotify
 .text.xTaskGenericNotifyFromISR
                0x0000000008006a90      0x1d8 ./Middlewares/Third_Party/FreeRTOS/Source/tasks.o
                0x0000000008006a90                xTaskGenericNotifyFromISR
 .text.prvAddCurrentTaskToDelayedList
                0x0000000008006c68       0xcc ./Middlewares/Third_Party/FreeRTOS/Source/tasks.o
 .text.pxPortInitialiseStack
                0x0000000008006d34       0x68 ./Middlewares/Third_Party/FreeRTOS/Source/portable/GCC/ARM_CM7/r0p1/port.o
                0x0000000008006d34                pxPortInitialiseStack
 .text.prvTaskExitError
                0x0000000008006d9c       0x60 ./Middlewares/Third_Party/FreeRTOS/Source/portable/GCC/ARM_CM7/r0p1/port.o
 *fill*         0x0000000008006dfc        0x4 
 .text.SVC_Handler
                0x0000000008006e00       0x28 ./Middlewares/Third_Party/FreeRTOS/Source/portable/GCC/ARM_CM7/r0p1/port.o
                0x0000000008006e00                SVC_Handler
 .text.prvPortStartFirstTask
                0x0000000008006e28       0x28 ./Middlewares/Third_Party/FreeRTOS/Source/portable/GCC/ARM_CM7/r0p1/port.o
 .text.xPortStartScheduler
                0x0000000008006e50       0xfc ./Middlewares/Third_Party/FreeRTOS/Source/portable/GCC/ARM_CM7/r0p1/port.o
                0x0000000008006e50                xPortStartScheduler
 .text.vPortEnterCritical
                0x0000000008006f4c       0x68 ./Middlewares/Third_Party/FreeRTOS/Source/portable/GCC/ARM_CM7/r0p1/port.o
                0x0000000008006f4c                vPortEnterCritical
 .text.vPortExitCritical
                0x0000000008006fb4       0x58 ./Middlewares/Third_Party/FreeRTOS/Source/portable/GCC/ARM_CM7/r0p1/port.o
                0x0000000008006fb4                vPortExitCritical
 *fill*         0x000000000800700c        0x4 
 .text.PendSV_Handler
                0x0000000008007010       0x68 ./Middlewares/Third_Party/FreeRTOS/Source/portable/GCC/ARM_CM7/r0p1/port.o
                0x0000000008007010                PendSV_Handler
 .text.SysTick_Handler
                0x0000000008007078       0x48 ./Middlewares/Third_Party/FreeRTOS/Source/portable/GCC/ARM_CM7/r0p1/port.o
                0x0000000008007078                SysTick_Handler
 .text.vPortSetupTimerInterrupt
                0x00000000080070c0       0x48 ./Middlewares/Third_Party/FreeRTOS/Source/portable/GCC/ARM_CM7/r0p1/port.o
                0x00000000080070c0                vPortSetupTimerInterrupt
 .text.vPortEnableVFP
                0x0000000008007108       0x14 ./Middlewares/Third_Party/FreeRTOS/Source/portable/GCC/ARM_CM7/r0p1/port.o
 .text.vPortValidateInterruptPriority
                0x000000000800711c       0x88 ./Middlewares/Third_Party/FreeRTOS/Source/portable/GCC/ARM_CM7/r0p1/port.o
                0x000000000800711c                vPortValidateInterruptPriority
 .text.pvPortMalloc
                0x00000000080071a4      0x194 ./Middlewares/Third_Party/FreeRTOS/Source/portable/MemMang/heap_4.o
                0x00000000080071a4                pvPortMalloc
 .text.vPortFree
                0x0000000008007338       0xbc ./Middlewares/Third_Party/FreeRTOS/Source/portable/MemMang/heap_4.o
                0x0000000008007338                vPortFree
 .text.prvHeapInit
                0x00000000080073f4       0xc4 ./Middlewares/Third_Party/FreeRTOS/Source/portable/MemMang/heap_4.o
 .text.prvInsertBlockIntoFreeList
                0x00000000080074b8       0xb4 ./Middlewares/Third_Party/FreeRTOS/Source/portable/MemMang/heap_4.o
 .text.__libc_init_array
                0x000000000800756c       0x48 c:/st/stm32cubeide_1.10.1/stm32cubeide/plugins/com.st.stm32cube.ide.mcu.externaltools.gnu-tools-for-stm32.10.3-2021.10.win32_1.0.0.202111181127/tools/bin/../lib/gcc/arm-none-eabi/10.3.1/../../../../arm-none-eabi/lib/thumb/v7e-m+fp/hard\libc_nano.a(lib_a-init.o)
                0x000000000800756c                __libc_init_array
 .text.__retarget_lock_acquire_recursive
                0x00000000080075b4        0x2 c:/st/stm32cubeide_1.10.1/stm32cubeide/plugins/com.st.stm32cube.ide.mcu.externaltools.gnu-tools-for-stm32.10.3-2021.10.win32_1.0.0.202111181127/tools/bin/../lib/gcc/arm-none-eabi/10.3.1/../../../../arm-none-eabi/lib/thumb/v7e-m+fp/hard\libc_nano.a(lib_a-lock.o)
                0x00000000080075b4                __retarget_lock_acquire_recursive
 .text.__retarget_lock_release_recursive
                0x00000000080075b6        0x2 c:/st/stm32cubeide_1.10.1/stm32cubeide/plugins/com.st.stm32cube.ide.mcu.externaltools.gnu-tools-for-stm32.10.3-2021.10.win32_1.0.0.202111181127/tools/bin/../lib/gcc/arm-none-eabi/10.3.1/../../../../arm-none-eabi/lib/thumb/v7e-m+fp/hard\libc_nano.a(lib_a-lock.o)
                0x00000000080075b6                __retarget_lock_release_recursive
 .text.memcpy   0x00000000080075b8       0x1c c:/st/stm32cubeide_1.10.1/stm32cubeide/plugins/com.st.stm32cube.ide.mcu.externaltools.gnu-tools-for-stm32.10.3-2021.10.win32_1.0.0.202111181127/tools/bin/../lib/gcc/arm-none-eabi/10.3.1/../../../../arm-none-eabi/lib/thumb/v7e-m+fp/hard\libc_nano.a(lib_a-memcpy-stub.o)
                0x00000000080075b8                memcpy
 .text.memset   0x00000000080075d4       0x10 c:/st/stm32cubeide_1.10.1/stm32cubeide/plugins/com.st.stm32cube.ide.mcu.externaltools.gnu-tools-for-stm32.10.3-2021.10.win32_1.0.0.202111181127/tools/bin/../lib/gcc/arm-none-eabi/10.3.1/../../../../arm-none-eabi/lib/thumb/v7e-m+fp/hard\libc_nano.a(lib_a-memset.o)
                0x00000000080075d4                memset
 .text.cleanup_glue
                0x00000000080075e4       0x1a c:/st/stm32cubeide_1.10.1/stm32cubeide/plugins/com.st.stm32cube.ide.mcu.externaltools.gnu-tools-for-stm32.10.3-2021.10.win32_1.0.0.202111181127/tools/bin/../lib/gcc/arm-none-eabi/10.3.1/../../../../arm-none-eabi/lib/thumb/v7e-m+fp/hard\libc_nano.a(lib_a-reent.o)
                0x00000000080075e4                cleanup_glue
 *fill*         0x00000000080075fe        0x2 
 .text._reclaim_reent
                0x0000000008007600       0xb8 c:/st/stm32cubeide_1.10.1/stm32cubeide/plugins/com.st.stm32cube.ide.mcu.externaltools.gnu-tools-for-stm32.10.3-2021.10.win32_1.0.0.202111181127/tools/bin/../lib/gcc/arm-none-eabi/10.3.1/../../../../arm-none-eabi/lib/thumb/v7e-m+fp/hard\libc_nano.a(lib_a-reent.o)
                0x0000000008007600                _reclaim_reent
 .text.__malloc_lock
                0x00000000080076b8        0xc c:/st/stm32cubeide_1.10.1/stm32cubeide/plugins/com.st.stm32cube.ide.mcu.externaltools.gnu-tools-for-stm32.10.3-2021.10.win32_1.0.0.202111181127/tools/bin/../lib/gcc/arm-none-eabi/10.3.1/../../../../arm-none-eabi/lib/thumb/v7e-m+fp/hard\libc_nano.a(lib_a-mlock.o)
                0x00000000080076b8                __malloc_lock
 .text.__malloc_unlock
                0x00000000080076c4        0xc c:/st/stm32cubeide_1.10.1/stm32cubeide/plugins/com.st.stm32cube.ide.mcu.externaltools.gnu-tools-for-stm32.10.3-2021.10.win32_1.0.0.202111181127/tools/bin/../lib/gcc/arm-none-eabi/10.3.1/../../../../arm-none-eabi/lib/thumb/v7e-m+fp/hard\libc_nano.a(lib_a-mlock.o)
                0x00000000080076c4                __malloc_unlock
 .text._free_r  0x00000000080076d0       0x98 c:/st/stm32cubeide_1.10.1/stm32cubeide/plugins/com.st.stm32cube.ide.mcu.externaltools.gnu-tools-for-stm32.10.3-2021.10.win32_1.0.0.202111181127/tools/bin/../lib/gcc/arm-none-eabi/10.3.1/../../../../arm-none-eabi/lib/thumb/v7e-m+fp/hard\libc_nano.a(lib_a-nano-freer.o)
                0x00000000080076d0                _free_r
 *(.glue_7)
 .glue_7        0x0000000008007768        0x0 linker stubs
 *(.glue_7t)
 .glue_7t       0x0000000008007768        0x0 linker stubs
 *(.eh_frame)
 .eh_frame      0x0000000008007768        0x0 c:/st/stm32cubeide_1.10.1/stm32cubeide/plugins/com.st.stm32cube.ide.mcu.externaltools.gnu-tools-for-stm32.10.3-2021.10.win32_1.0.0.202111181127/tools/bin/../lib/gcc/arm-none-eabi/10.3.1/thumb/v7e-m+fp/hard/crtbegin.o
 *(.init)
 .init          0x0000000008007768        0x4 c:/st/stm32cubeide_1.10.1/stm32cubeide/plugins/com.st.stm32cube.ide.mcu.externaltools.gnu-tools-for-stm32.10.3-2021.10.win32_1.0.0.202111181127/tools/bin/../lib/gcc/arm-none-eabi/10.3.1/thumb/v7e-m+fp/hard/crti.o
                0x0000000008007768                _init
 .init          0x000000000800776c        0x8 c:/st/stm32cubeide_1.10.1/stm32cubeide/plugins/com.st.stm32cube.ide.mcu.externaltools.gnu-tools-for-stm32.10.3-2021.10.win32_1.0.0.202111181127/tools/bin/../lib/gcc/arm-none-eabi/10.3.1/thumb/v7e-m+fp/hard/crtn.o
 *(.fini)
 .fini          0x0000000008007774        0x4 c:/st/stm32cubeide_1.10.1/stm32cubeide/plugins/com.st.stm32cube.ide.mcu.externaltools.gnu-tools-for-stm32.10.3-2021.10.win32_1.0.0.202111181127/tools/bin/../lib/gcc/arm-none-eabi/10.3.1/thumb/v7e-m+fp/hard/crti.o
                0x0000000008007774                _fini
 .fini          0x0000000008007778        0x8 c:/st/stm32cubeide_1.10.1/stm32cubeide/plugins/com.st.stm32cube.ide.mcu.externaltools.gnu-tools-for-stm32.10.3-2021.10.win32_1.0.0.202111181127/tools/bin/../lib/gcc/arm-none-eabi/10.3.1/thumb/v7e-m+fp/hard/crtn.o
                0x0000000008007780                . = ALIGN (0x4)
                0x0000000008007780                _etext = .

.vfp11_veneer   0x0000000008007780        0x0
 .vfp11_veneer  0x0000000008007780        0x0 linker stubs

.v4_bx          0x0000000008007780        0x0
 .v4_bx         0x0000000008007780        0x0 linker stubs

.iplt           0x0000000008007780        0x0
 .iplt          0x0000000008007780        0x0 c:/st/stm32cubeide_1.10.1/stm32cubeide/plugins/com.st.stm32cube.ide.mcu.externaltools.gnu-tools-for-stm32.10.3-2021.10.win32_1.0.0.202111181127/tools/bin/../lib/gcc/arm-none-eabi/10.3.1/thumb/v7e-m+fp/hard/crtbegin.o

.rodata         0x0000000008007780      0x188
                0x0000000008007780                . = ALIGN (0x4)
 *(.rodata)
 .rodata        0x0000000008007780      0x105 ./Core/Src/main.o
 *fill*         0x0000000008007885        0x3 
 .rodata        0x0000000008007888        0x5 ./Middlewares/Third_Party/FreeRTOS/Source/tasks.o
 *(.rodata*)
 *fill*         0x000000000800788d        0x3 
 .rodata.AHBPrescTable
                0x0000000008007890       0x10 ./Core/Src/system_stm32f7xx.o
                0x0000000008007890                AHBPrescTable
 .rodata.APBPrescTable
                0x00000000080078a0        0x8 ./Core/Src/system_stm32f7xx.o
                0x00000000080078a0                APBPrescTable
 .rodata.__sf_fake_stderr
                0x00000000080078a8       0x20 c:/st/stm32cubeide_1.10.1/stm32cubeide/plugins/com.st.stm32cube.ide.mcu.externaltools.gnu-tools-for-stm32.10.3-2021.10.win32_1.0.0.202111181127/tools/bin/../lib/gcc/arm-none-eabi/10.3.1/../../../../arm-none-eabi/lib/thumb/v7e-m+fp/hard\libc_nano.a(lib_a-findfp.o)
                0x00000000080078a8                __sf_fake_stderr
 .rodata.__sf_fake_stdin
                0x00000000080078c8       0x20 c:/st/stm32cubeide_1.10.1/stm32cubeide/plugins/com.st.stm32cube.ide.mcu.externaltools.gnu-tools-for-stm32.10.3-2021.10.win32_1.0.0.202111181127/tools/bin/../lib/gcc/arm-none-eabi/10.3.1/../../../../arm-none-eabi/lib/thumb/v7e-m+fp/hard\libc_nano.a(lib_a-findfp.o)
                0x00000000080078c8                __sf_fake_stdin
 .rodata.__sf_fake_stdout
                0x00000000080078e8       0x20 c:/st/stm32cubeide_1.10.1/stm32cubeide/plugins/com.st.stm32cube.ide.mcu.externaltools.gnu-tools-for-stm32.10.3-2021.10.win32_1.0.0.202111181127/tools/bin/../lib/gcc/arm-none-eabi/10.3.1/../../../../arm-none-eabi/lib/thumb/v7e-m+fp/hard\libc_nano.a(lib_a-findfp.o)
                0x00000000080078e8                __sf_fake_stdout
                0x0000000008007908                . = ALIGN (0x4)

.ARM.extab      0x0000000008007908        0x0
                0x0000000008007908                . = ALIGN (0x4)
 *(.ARM.extab* .gnu.linkonce.armextab.*)
                0x0000000008007908                . = ALIGN (0x4)

.ARM            0x0000000008007908        0x8
                0x0000000008007908                . = ALIGN (0x4)
                0x0000000008007908                __exidx_start = .
 *(.ARM.exidx*)
 .ARM.exidx     0x0000000008007908        0x8 c:/st/stm32cubeide_1.10.1/stm32cubeide/plugins/com.st.stm32cube.ide.mcu.externaltools.gnu-tools-for-stm32.10.3-2021.10.win32_1.0.0.202111181127/tools/bin/../lib/gcc/arm-none-eabi/10.3.1/thumb/v7e-m+fp/hard\libgcc.a(_udivmoddi4.o)
                0x0000000008007910                __exidx_end = .
                0x0000000008007910                . = ALIGN (0x4)

.rel.dyn        0x0000000008007910        0x0
 .rel.iplt      0x0000000008007910        0x0 c:/st/stm32cubeide_1.10.1/stm32cubeide/plugins/com.st.stm32cube.ide.mcu.externaltools.gnu-tools-for-stm32.10.3-2021.10.win32_1.0.0.202111181127/tools/bin/../lib/gcc/arm-none-eabi/10.3.1/thumb/v7e-m+fp/hard/crtbegin.o

.preinit_array  0x0000000008007910        0x0
                0x0000000008007910                . = ALIGN (0x4)
                0x0000000008007910                PROVIDE (__preinit_array_start = .)
 *(.preinit_array*)
                0x0000000008007910                PROVIDE (__preinit_array_end = .)
                0x0000000008007910                . = ALIGN (0x4)

.init_array     0x0000000008007910        0x4
                0x0000000008007910                . = ALIGN (0x4)
                0x0000000008007910                PROVIDE (__init_array_start = .)
 *(SORT_BY_NAME(.init_array.*))
 *(.init_array*)
 .init_array    0x0000000008007910        0x4 c:/st/stm32cubeide_1.10.1/stm32cubeide/plugins/com.st.stm32cube.ide.mcu.externaltools.gnu-tools-for-stm32.10.3-2021.10.win32_1.0.0.202111181127/tools/bin/../lib/gcc/arm-none-eabi/10.3.1/thumb/v7e-m+fp/hard/crtbegin.o
                0x0000000008007914                PROVIDE (__init_array_end = .)
                0x0000000008007914                . = ALIGN (0x4)

.fini_array     0x0000000008007914        0x4
                0x0000000008007914                . = ALIGN (0x4)
                [!provide]                        PROVIDE (__fini_array_start = .)
 *(SORT_BY_NAME(.fini_array.*))
 *(.fini_array*)
 .fini_array    0x0000000008007914        0x4 c:/st/stm32cubeide_1.10.1/stm32cubeide/plugins/com.st.stm32cube.ide.mcu.externaltools.gnu-tools-for-stm32.10.3-2021.10.win32_1.0.0.202111181127/tools/bin/../lib/gcc/arm-none-eabi/10.3.1/thumb/v7e-m+fp/hard/crtbegin.o
                [!provide]                        PROVIDE (__fini_array_end = .)
                0x0000000008007918                . = ALIGN (0x4)
                0x0000000008007918                _sidata = LOADADDR (.data)

.data           0x0000000020000000       0x74 load address 0x0000000008007918
                0x0000000020000000                . = ALIGN (0x4)
                0x0000000020000000                _sdata = .
 *(.data)
 *(.data*)
 .data.SystemCoreClock
                0x0000000020000000        0x4 ./Core/Src/system_stm32f7xx.o
                0x0000000020000000                SystemCoreClock
 .data.uwTickPrio
                0x0000000020000004        0x4 ./Drivers/STM32F7xx_HAL_Driver/Src/stm32f7xx_hal.o
                0x0000000020000004                uwTickPrio
 .data.uwTickFreq
                0x0000000020000008        0x1 ./Drivers/STM32F7xx_HAL_Driver/Src/stm32f7xx_hal.o
                0x0000000020000008                uwTickFreq
 *fill*         0x0000000020000009        0x3 
 .data.uxCriticalNesting
                0x000000002000000c        0x4 ./Middlewares/Third_Party/FreeRTOS/Source/portable/GCC/ARM_CM7/r0p1/port.o
 .data._impure_ptr
                0x0000000020000010        0x4 c:/st/stm32cubeide_1.10.1/stm32cubeide/plugins/com.st.stm32cube.ide.mcu.externaltools.gnu-tools-for-stm32.10.3-2021.10.win32_1.0.0.202111181127/tools/bin/../lib/gcc/arm-none-eabi/10.3.1/../../../../arm-none-eabi/lib/thumb/v7e-m+fp/hard\libc_nano.a(lib_a-impure.o)
                0x0000000020000010                _impure_ptr
 .data.impure_data
                0x0000000020000014       0x60 c:/st/stm32cubeide_1.10.1/stm32cubeide/plugins/com.st.stm32cube.ide.mcu.externaltools.gnu-tools-for-stm32.10.3-2021.10.win32_1.0.0.202111181127/tools/bin/../lib/gcc/arm-none-eabi/10.3.1/../../../../arm-none-eabi/lib/thumb/v7e-m+fp/hard\libc_nano.a(lib_a-impure.o)
 *(.RamFunc)
 *(.RamFunc*)
                0x0000000020000074                . = ALIGN (0x4)
                0x0000000020000074                _edata = .

.igot.plt       0x0000000020000074        0x0 load address 0x000000000800798c
 .igot.plt      0x0000000020000074        0x0 c:/st/stm32cubeide_1.10.1/stm32cubeide/plugins/com.st.stm32cube.ide.mcu.externaltools.gnu-tools-for-stm32.10.3-2021.10.win32_1.0.0.202111181127/tools/bin/../lib/gcc/arm-none-eabi/10.3.1/thumb/v7e-m+fp/hard/crtbegin.o
                0x0000000020000074                . = ALIGN (0x4)

.bss            0x0000000020000074     0x467c load address 0x000000000800798c
                0x0000000020000074                _sbss = .
                0x0000000020000074                __bss_start__ = _sbss
 *(.bss)
 .bss           0x0000000020000074       0x1c c:/st/stm32cubeide_1.10.1/stm32cubeide/plugins/com.st.stm32cube.ide.mcu.externaltools.gnu-tools-for-stm32.10.3-2021.10.win32_1.0.0.202111181127/tools/bin/../lib/gcc/arm-none-eabi/10.3.1/thumb/v7e-m+fp/hard/crtbegin.o
 *(.bss*)
 .bss.xIdleTaskTCBBuffer
                0x0000000020000090       0xb4 ./Core/Src/freertos.o
 .bss.xIdleStack
                0x0000000020000144      0x200 ./Core/Src/freertos.o
 .bss.previous_tick
                0x0000000020000344        0x4 ./Core/Src/main.o
                0x0000000020000344                previous_tick
 .bss.htim9     0x0000000020000348       0x4c ./Core/Src/main.o
                0x0000000020000348                htim9
 .bss.huart3    0x0000000020000394       0x88 ./Core/Src/main.o
                0x0000000020000394                huart3
 .bss.hpcd_USB_OTG_FS
                0x000000002000041c      0x508 ./Core/Src/main.o
                0x000000002000041c                hpcd_USB_OTG_FS
 .bss.defaultTaskHandle
                0x0000000020000924        0x4 ./Core/Src/main.o
                0x0000000020000924                defaultTaskHandle
 .bss.myBinarySem01Handle
                0x0000000020000928        0x4 ./Core/Src/main.o
                0x0000000020000928                myBinarySem01Handle
 .bss.myCountingSem01Handle
                0x000000002000092c        0x4 ./Core/Src/main.o
                0x000000002000092c                myCountingSem01Handle
 .bss.secondTaskHandle
                0x0000000020000930        0x4 ./Core/Src/main.o
                0x0000000020000930                secondTaskHandle
 .bss.thirdTaskHandle
                0x0000000020000934        0x4 ./Core/Src/main.o
                0x0000000020000934                thirdTaskHandle
 .bss.interruptTaskHandle
                0x0000000020000938        0x4 ./Core/Src/main.o
                0x0000000020000938                interruptTaskHandle
 .bss.uartReceiveHandle
                0x000000002000093c        0x4 ./Core/Src/main.o
                0x000000002000093c                uartReceiveHandle
 .bss.pData     0x0000000020000940        0xa ./Core/Src/main.o
                0x0000000020000940                pData
 *fill*         0x000000002000094a        0x2 
 .bss.htim6     0x000000002000094c       0x4c ./Core/Src/stm32f7xx_hal_timebase_tim.o
                0x000000002000094c                htim6
 .bss.uwTick    0x0000000020000998        0x4 ./Drivers/STM32F7xx_HAL_Driver/Src/stm32f7xx_hal.o
                0x0000000020000998                uwTick
 .bss.pxCurrentTCB
                0x000000002000099c        0x4 ./Middlewares/Third_Party/FreeRTOS/Source/tasks.o
                0x000000002000099c                pxCurrentTCB
 .bss.pxReadyTasksLists
                0x00000000200009a0       0x8c ./Middlewares/Third_Party/FreeRTOS/Source/tasks.o
 .bss.xDelayedTaskList1
                0x0000000020000a2c       0x14 ./Middlewares/Third_Party/FreeRTOS/Source/tasks.o
 .bss.xDelayedTaskList2
                0x0000000020000a40       0x14 ./Middlewares/Third_Party/FreeRTOS/Source/tasks.o
 .bss.pxDelayedTaskList
                0x0000000020000a54        0x4 ./Middlewares/Third_Party/FreeRTOS/Source/tasks.o
 .bss.pxOverflowDelayedTaskList
                0x0000000020000a58        0x4 ./Middlewares/Third_Party/FreeRTOS/Source/tasks.o
 .bss.xPendingReadyList
                0x0000000020000a5c       0x14 ./Middlewares/Third_Party/FreeRTOS/Source/tasks.o
 .bss.xTasksWaitingTermination
                0x0000000020000a70       0x14 ./Middlewares/Third_Party/FreeRTOS/Source/tasks.o
 .bss.uxDeletedTasksWaitingCleanUp
                0x0000000020000a84        0x4 ./Middlewares/Third_Party/FreeRTOS/Source/tasks.o
 .bss.xSuspendedTaskList
                0x0000000020000a88       0x14 ./Middlewares/Third_Party/FreeRTOS/Source/tasks.o
 .bss.uxCurrentNumberOfTasks
                0x0000000020000a9c        0x4 ./Middlewares/Third_Party/FreeRTOS/Source/tasks.o
 .bss.xTickCount
                0x0000000020000aa0        0x4 ./Middlewares/Third_Party/FreeRTOS/Source/tasks.o
 .bss.uxTopReadyPriority
                0x0000000020000aa4        0x4 ./Middlewares/Third_Party/FreeRTOS/Source/tasks.o
 .bss.xSchedulerRunning
                0x0000000020000aa8        0x4 ./Middlewares/Third_Party/FreeRTOS/Source/tasks.o
 .bss.uxPendedTicks
                0x0000000020000aac        0x4 ./Middlewares/Third_Party/FreeRTOS/Source/tasks.o
 .bss.xYieldPending
                0x0000000020000ab0        0x4 ./Middlewares/Third_Party/FreeRTOS/Source/tasks.o
 .bss.xNumOfOverflows
                0x0000000020000ab4        0x4 ./Middlewares/Third_Party/FreeRTOS/Source/tasks.o
 .bss.uxTaskNumber
                0x0000000020000ab8        0x4 ./Middlewares/Third_Party/FreeRTOS/Source/tasks.o
 .bss.xNextTaskUnblockTime
                0x0000000020000abc        0x4 ./Middlewares/Third_Party/FreeRTOS/Source/tasks.o
 .bss.xIdleTaskHandle
                0x0000000020000ac0        0x4 ./Middlewares/Third_Party/FreeRTOS/Source/tasks.o
 .bss.uxSchedulerSuspended
                0x0000000020000ac4        0x4 ./Middlewares/Third_Party/FreeRTOS/Source/tasks.o
 .bss.ucMaxSysCallPriority
                0x0000000020000ac8        0x1 ./Middlewares/Third_Party/FreeRTOS/Source/portable/GCC/ARM_CM7/r0p1/port.o
 *fill*         0x0000000020000ac9        0x3 
 .bss.ulMaxPRIGROUPValue
                0x0000000020000acc        0x4 ./Middlewares/Third_Party/FreeRTOS/Source/portable/GCC/ARM_CM7/r0p1/port.o
 .bss.ucHeap    0x0000000020000ad0     0x3c00 ./Middlewares/Third_Party/FreeRTOS/Source/portable/MemMang/heap_4.o
 .bss.xStart    0x00000000200046d0        0x8 ./Middlewares/Third_Party/FreeRTOS/Source/portable/MemMang/heap_4.o
 .bss.pxEnd     0x00000000200046d8        0x4 ./Middlewares/Third_Party/FreeRTOS/Source/portable/MemMang/heap_4.o
 .bss.xFreeBytesRemaining
                0x00000000200046dc        0x4 ./Middlewares/Third_Party/FreeRTOS/Source/portable/MemMang/heap_4.o
 .bss.xMinimumEverFreeBytesRemaining
                0x00000000200046e0        0x4 ./Middlewares/Third_Party/FreeRTOS/Source/portable/MemMang/heap_4.o
 .bss.xBlockAllocatedBit
                0x00000000200046e4        0x4 ./Middlewares/Third_Party/FreeRTOS/Source/portable/MemMang/heap_4.o
 .bss.__lock___malloc_recursive_mutex
                0x00000000200046e8        0x1 c:/st/stm32cubeide_1.10.1/stm32cubeide/plugins/com.st.stm32cube.ide.mcu.externaltools.gnu-tools-for-stm32.10.3-2021.10.win32_1.0.0.202111181127/tools/bin/../lib/gcc/arm-none-eabi/10.3.1/../../../../arm-none-eabi/lib/thumb/v7e-m+fp/hard\libc_nano.a(lib_a-lock.o)
                0x00000000200046e8                __lock___malloc_recursive_mutex
 *fill*         0x00000000200046e9        0x3 
 .bss.__malloc_free_list
                0x00000000200046ec        0x4 c:/st/stm32cubeide_1.10.1/stm32cubeide/plugins/com.st.stm32cube.ide.mcu.externaltools.gnu-tools-for-stm32.10.3-2021.10.win32_1.0.0.202111181127/tools/bin/../lib/gcc/arm-none-eabi/10.3.1/../../../../arm-none-eabi/lib/thumb/v7e-m+fp/hard\libc_nano.a(lib_a-nano-mallocr.o)
                0x00000000200046ec                __malloc_free_list
 *(COMMON)
                0x00000000200046f0                . = ALIGN (0x4)
                0x00000000200046f0                _ebss = .
                0x00000000200046f0                __bss_end__ = _ebss

._user_heap_stack
                0x00000000200046f0      0x600 load address 0x000000000800798c
                0x00000000200046f0                . = ALIGN (0x8)
                [!provide]                        PROVIDE (end = .)
                0x00000000200046f0                PROVIDE (_end = .)
                0x00000000200048f0                . = (. + _Min_Heap_Size)
 *fill*         0x00000000200046f0      0x200 
                0x0000000020004cf0                . = (. + _Min_Stack_Size)
 *fill*         0x00000000200048f0      0x400 
                0x0000000020004cf0                . = ALIGN (0x8)

/DISCARD/
 libc.a(*)
 libm.a(*)
 libgcc.a(*)

.ARM.attributes
                0x0000000000000000       0x30
 *(.ARM.attributes)
 .ARM.attributes
                0x0000000000000000       0x1e c:/st/stm32cubeide_1.10.1/stm32cubeide/plugins/com.st.stm32cube.ide.mcu.externaltools.gnu-tools-for-stm32.10.3-2021.10.win32_1.0.0.202111181127/tools/bin/../lib/gcc/arm-none-eabi/10.3.1/thumb/v7e-m+fp/hard/crti.o
 .ARM.attributes
                0x000000000000001e       0x34 c:/st/stm32cubeide_1.10.1/stm32cubeide/plugins/com.st.stm32cube.ide.mcu.externaltools.gnu-tools-for-stm32.10.3-2021.10.win32_1.0.0.202111181127/tools/bin/../lib/gcc/arm-none-eabi/10.3.1/thumb/v7e-m+fp/hard/crtbegin.o
 .ARM.attributes
                0x0000000000000052       0x34 ./Core/Src/freertos.o
 .ARM.attributes
                0x0000000000000086       0x34 ./Core/Src/main.o
 .ARM.attributes
                0x00000000000000ba       0x34 ./Core/Src/stm32f7xx_hal_msp.o
 .ARM.attributes
                0x00000000000000ee       0x34 ./Core/Src/stm32f7xx_hal_timebase_tim.o
 .ARM.attributes
                0x0000000000000122       0x34 ./Core/Src/stm32f7xx_it.o
 .ARM.attributes
                0x0000000000000156       0x34 ./Core/Src/system_stm32f7xx.o
 .ARM.attributes
                0x000000000000018a       0x21 ./Core/Startup/startup_stm32f722zetx.o
 .ARM.attributes
                0x00000000000001ab       0x34 ./Drivers/STM32F7xx_HAL_Driver/Src/stm32f7xx_hal.o
 .ARM.attributes
                0x00000000000001df       0x34 ./Drivers/STM32F7xx_HAL_Driver/Src/stm32f7xx_hal_cortex.o
 .ARM.attributes
                0x0000000000000213       0x34 ./Drivers/STM32F7xx_HAL_Driver/Src/stm32f7xx_hal_dma.o
 .ARM.attributes
                0x0000000000000247       0x34 ./Drivers/STM32F7xx_HAL_Driver/Src/stm32f7xx_hal_gpio.o
 .ARM.attributes
                0x000000000000027b       0x34 ./Drivers/STM32F7xx_HAL_Driver/Src/stm32f7xx_hal_pcd.o
 .ARM.attributes
                0x00000000000002af       0x34 ./Drivers/STM32F7xx_HAL_Driver/Src/stm32f7xx_hal_pcd_ex.o
 .ARM.attributes
                0x00000000000002e3       0x34 ./Drivers/STM32F7xx_HAL_Driver/Src/stm32f7xx_hal_pwr.o
 .ARM.attributes
                0x0000000000000317       0x34 ./Drivers/STM32F7xx_HAL_Driver/Src/stm32f7xx_hal_pwr_ex.o
 .ARM.attributes
                0x000000000000034b       0x34 ./Drivers/STM32F7xx_HAL_Driver/Src/stm32f7xx_hal_rcc.o
 .ARM.attributes
                0x000000000000037f       0x34 ./Drivers/STM32F7xx_HAL_Driver/Src/stm32f7xx_hal_rcc_ex.o
 .ARM.attributes
                0x00000000000003b3       0x34 ./Drivers/STM32F7xx_HAL_Driver/Src/stm32f7xx_hal_tim.o
 .ARM.attributes
                0x00000000000003e7       0x34 ./Drivers/STM32F7xx_HAL_Driver/Src/stm32f7xx_hal_tim_ex.o
 .ARM.attributes
                0x000000000000041b       0x34 ./Drivers/STM32F7xx_HAL_Driver/Src/stm32f7xx_hal_uart.o
 .ARM.attributes
                0x000000000000044f       0x34 ./Drivers/STM32F7xx_HAL_Driver/Src/stm32f7xx_ll_usb.o
 .ARM.attributes
                0x0000000000000483       0x34 ./Middlewares/Third_Party/FreeRTOS/Source/CMSIS_RTOS/cmsis_os.o
 .ARM.attributes
                0x00000000000004b7       0x34 ./Middlewares/Third_Party/FreeRTOS/Source/list.o
 .ARM.attributes
                0x00000000000004eb       0x34 ./Middlewares/Third_Party/FreeRTOS/Source/queue.o
 .ARM.attributes
                0x000000000000051f       0x34 ./Middlewares/Third_Party/FreeRTOS/Source/tasks.o
 .ARM.attributes
                0x0000000000000553       0x34 ./Middlewares/Third_Party/FreeRTOS/Source/portable/GCC/ARM_CM7/r0p1/port.o
 .ARM.attributes
                0x0000000000000587       0x34 ./Middlewares/Third_Party/FreeRTOS/Source/portable/MemMang/heap_4.o
 .ARM.attributes
                0x00000000000005bb       0x34 c:/st/stm32cubeide_1.10.1/stm32cubeide/plugins/com.st.stm32cube.ide.mcu.externaltools.gnu-tools-for-stm32.10.3-2021.10.win32_1.0.0.202111181127/tools/bin/../lib/gcc/arm-none-eabi/10.3.1/../../../../arm-none-eabi/lib/thumb/v7e-m+fp/hard\libc_nano.a(lib_a-findfp.o)
 .ARM.attributes
                0x00000000000005ef       0x34 c:/st/stm32cubeide_1.10.1/stm32cubeide/plugins/com.st.stm32cube.ide.mcu.externaltools.gnu-tools-for-stm32.10.3-2021.10.win32_1.0.0.202111181127/tools/bin/../lib/gcc/arm-none-eabi/10.3.1/../../../../arm-none-eabi/lib/thumb/v7e-m+fp/hard\libc_nano.a(lib_a-impure.o)
 .ARM.attributes
                0x0000000000000623       0x34 c:/st/stm32cubeide_1.10.1/stm32cubeide/plugins/com.st.stm32cube.ide.mcu.externaltools.gnu-tools-for-stm32.10.3-2021.10.win32_1.0.0.202111181127/tools/bin/../lib/gcc/arm-none-eabi/10.3.1/../../../../arm-none-eabi/lib/thumb/v7e-m+fp/hard\libc_nano.a(lib_a-init.o)
 .ARM.attributes
                0x0000000000000657       0x34 c:/st/stm32cubeide_1.10.1/stm32cubeide/plugins/com.st.stm32cube.ide.mcu.externaltools.gnu-tools-for-stm32.10.3-2021.10.win32_1.0.0.202111181127/tools/bin/../lib/gcc/arm-none-eabi/10.3.1/../../../../arm-none-eabi/lib/thumb/v7e-m+fp/hard\libc_nano.a(lib_a-lock.o)
 .ARM.attributes
                0x000000000000068b       0x34 c:/st/stm32cubeide_1.10.1/stm32cubeide/plugins/com.st.stm32cube.ide.mcu.externaltools.gnu-tools-for-stm32.10.3-2021.10.win32_1.0.0.202111181127/tools/bin/../lib/gcc/arm-none-eabi/10.3.1/../../../../arm-none-eabi/lib/thumb/v7e-m+fp/hard\libc_nano.a(lib_a-memcpy-stub.o)
 .ARM.attributes
                0x00000000000006bf       0x34 c:/st/stm32cubeide_1.10.1/stm32cubeide/plugins/com.st.stm32cube.ide.mcu.externaltools.gnu-tools-for-stm32.10.3-2021.10.win32_1.0.0.202111181127/tools/bin/../lib/gcc/arm-none-eabi/10.3.1/../../../../arm-none-eabi/lib/thumb/v7e-m+fp/hard\libc_nano.a(lib_a-memset.o)
 .ARM.attributes
                0x00000000000006f3       0x34 c:/st/stm32cubeide_1.10.1/stm32cubeide/plugins/com.st.stm32cube.ide.mcu.externaltools.gnu-tools-for-stm32.10.3-2021.10.win32_1.0.0.202111181127/tools/bin/../lib/gcc/arm-none-eabi/10.3.1/../../../../arm-none-eabi/lib/thumb/v7e-m+fp/hard\libc_nano.a(lib_a-nano-mallocr.o)
 .ARM.attributes
                0x0000000000000727       0x34 c:/st/stm32cubeide_1.10.1/stm32cubeide/plugins/com.st.stm32cube.ide.mcu.externaltools.gnu-tools-for-stm32.10.3-2021.10.win32_1.0.0.202111181127/tools/bin/../lib/gcc/arm-none-eabi/10.3.1/../../../../arm-none-eabi/lib/thumb/v7e-m+fp/hard\libc_nano.a(lib_a-reent.o)
 .ARM.attributes
                0x000000000000075b       0x34 c:/st/stm32cubeide_1.10.1/stm32cubeide/plugins/com.st.stm32cube.ide.mcu.externaltools.gnu-tools-for-stm32.10.3-2021.10.win32_1.0.0.202111181127/tools/bin/../lib/gcc/arm-none-eabi/10.3.1/../../../../arm-none-eabi/lib/thumb/v7e-m+fp/hard\libc_nano.a(lib_a-mlock.o)
 .ARM.attributes
                0x000000000000078f       0x34 c:/st/stm32cubeide_1.10.1/stm32cubeide/plugins/com.st.stm32cube.ide.mcu.externaltools.gnu-tools-for-stm32.10.3-2021.10.win32_1.0.0.202111181127/tools/bin/../lib/gcc/arm-none-eabi/10.3.1/../../../../arm-none-eabi/lib/thumb/v7e-m+fp/hard\libc_nano.a(lib_a-nano-freer.o)
 .ARM.attributes
                0x00000000000007c3       0x1e c:/st/stm32cubeide_1.10.1/stm32cubeide/plugins/com.st.stm32cube.ide.mcu.externaltools.gnu-tools-for-stm32.10.3-2021.10.win32_1.0.0.202111181127/tools/bin/../lib/gcc/arm-none-eabi/10.3.1/thumb/v7e-m+fp/hard\libgcc.a(_aeabi_uldivmod.o)
 .ARM.attributes
                0x00000000000007e1       0x34 c:/st/stm32cubeide_1.10.1/stm32cubeide/plugins/com.st.stm32cube.ide.mcu.externaltools.gnu-tools-for-stm32.10.3-2021.10.win32_1.0.0.202111181127/tools/bin/../lib/gcc/arm-none-eabi/10.3.1/thumb/v7e-m+fp/hard\libgcc.a(_udivmoddi4.o)
 .ARM.attributes
                0x0000000000000815       0x1e c:/st/stm32cubeide_1.10.1/stm32cubeide/plugins/com.st.stm32cube.ide.mcu.externaltools.gnu-tools-for-stm32.10.3-2021.10.win32_1.0.0.202111181127/tools/bin/../lib/gcc/arm-none-eabi/10.3.1/thumb/v7e-m+fp/hard\libgcc.a(_dvmd_tls.o)
 .ARM.attributes
                0x0000000000000833       0x1e c:/st/stm32cubeide_1.10.1/stm32cubeide/plugins/com.st.stm32cube.ide.mcu.externaltools.gnu-tools-for-stm32.10.3-2021.10.win32_1.0.0.202111181127/tools/bin/../lib/gcc/arm-none-eabi/10.3.1/thumb/v7e-m+fp/hard/crtn.o
OUTPUT(rtos_interrupt_f7.elf elf32-littlearm)
LOAD linker stubs
LOAD c:/st/stm32cubeide_1.10.1/stm32cubeide/plugins/com.st.stm32cube.ide.mcu.externaltools.gnu-tools-for-stm32.10.3-2021.10.win32_1.0.0.202111181127/tools/bin/../lib/gcc/arm-none-eabi/10.3.1/../../../../arm-none-eabi/lib/thumb/v7e-m+fp/hard\libc.a
LOAD c:/st/stm32cubeide_1.10.1/stm32cubeide/plugins/com.st.stm32cube.ide.mcu.externaltools.gnu-tools-for-stm32.10.3-2021.10.win32_1.0.0.202111181127/tools/bin/../lib/gcc/arm-none-eabi/10.3.1/../../../../arm-none-eabi/lib/thumb/v7e-m+fp/hard\libm.a
LOAD c:/st/stm32cubeide_1.10.1/stm32cubeide/plugins/com.st.stm32cube.ide.mcu.externaltools.gnu-tools-for-stm32.10.3-2021.10.win32_1.0.0.202111181127/tools/bin/../lib/gcc/arm-none-eabi/10.3.1/thumb/v7e-m+fp/hard\libgcc.a

.debug_info     0x0000000000000000    0x1e3e2
 .debug_info    0x0000000000000000      0x9b6 ./Core/Src/freertos.o
 .debug_info    0x00000000000009b6     0x29f4 ./Core/Src/main.o
 .debug_info    0x00000000000033aa     0x1914 ./Core/Src/stm32f7xx_hal_msp.o
 .debug_info    0x0000000000004cbe      0xcd8 ./Core/Src/stm32f7xx_hal_timebase_tim.o
 .debug_info    0x0000000000005996      0xb95 ./Core/Src/stm32f7xx_it.o
 .debug_info    0x000000000000652b      0x72c ./Core/Src/system_stm32f7xx.o
 .debug_info    0x0000000000006c57       0x22 ./Core/Startup/startup_stm32f722zetx.o
 .debug_info    0x0000000000006c79      0x9c4 ./Drivers/STM32F7xx_HAL_Driver/Src/stm32f7xx_hal.o
 .debug_info    0x000000000000763d     0x1012 ./Drivers/STM32F7xx_HAL_Driver/Src/stm32f7xx_hal_cortex.o
 .debug_info    0x000000000000864f      0x94f ./Drivers/STM32F7xx_HAL_Driver/Src/stm32f7xx_hal_dma.o
 .debug_info    0x0000000000008f9e      0x794 ./Drivers/STM32F7xx_HAL_Driver/Src/stm32f7xx_hal_gpio.o
 .debug_info    0x0000000000009732     0x16c1 ./Drivers/STM32F7xx_HAL_Driver/Src/stm32f7xx_hal_pcd.o
 .debug_info    0x000000000000adf3      0x7df ./Drivers/STM32F7xx_HAL_Driver/Src/stm32f7xx_hal_pcd_ex.o
 .debug_info    0x000000000000b5d2      0x978 ./Drivers/STM32F7xx_HAL_Driver/Src/stm32f7xx_hal_pwr.o
 .debug_info    0x000000000000bf4a      0x92e ./Drivers/STM32F7xx_HAL_Driver/Src/stm32f7xx_hal_pwr_ex.o
 .debug_info    0x000000000000c878      0x9aa ./Drivers/STM32F7xx_HAL_Driver/Src/stm32f7xx_hal_rcc.o
 .debug_info    0x000000000000d222      0x74f ./Drivers/STM32F7xx_HAL_Driver/Src/stm32f7xx_hal_rcc_ex.o
 .debug_info    0x000000000000d971     0x2d22 ./Drivers/STM32F7xx_HAL_Driver/Src/stm32f7xx_hal_tim.o
 .debug_info    0x0000000000010693     0x16f5 ./Drivers/STM32F7xx_HAL_Driver/Src/stm32f7xx_hal_tim_ex.o
 .debug_info    0x0000000000011d88     0x3ccc ./Drivers/STM32F7xx_HAL_Driver/Src/stm32f7xx_hal_uart.o
 .debug_info    0x0000000000015a54     0x1b65 ./Drivers/STM32F7xx_HAL_Driver/Src/stm32f7xx_ll_usb.o
 .debug_info    0x00000000000175b9     0x238f ./Middlewares/Third_Party/FreeRTOS/Source/CMSIS_RTOS/cmsis_os.o
 .debug_info    0x0000000000019948      0x2d1 ./Middlewares/Third_Party/FreeRTOS/Source/list.o
 .debug_info    0x0000000000019c19     0x19e7 ./Middlewares/Third_Party/FreeRTOS/Source/queue.o
 .debug_info    0x000000000001b600     0x2530 ./Middlewares/Third_Party/FreeRTOS/Source/tasks.o
 .debug_info    0x000000000001db30      0x4ca ./Middlewares/Third_Party/FreeRTOS/Source/portable/GCC/ARM_CM7/r0p1/port.o
 .debug_info    0x000000000001dffa      0x3e8 ./Middlewares/Third_Party/FreeRTOS/Source/portable/MemMang/heap_4.o

.debug_abbrev   0x0000000000000000     0x3cdd
 .debug_abbrev  0x0000000000000000      0x169 ./Core/Src/freertos.o
 .debug_abbrev  0x0000000000000169      0x3dc ./Core/Src/main.o
 .debug_abbrev  0x0000000000000545      0x27f ./Core/Src/stm32f7xx_hal_msp.o
 .debug_abbrev  0x00000000000007c4      0x1e6 ./Core/Src/stm32f7xx_hal_timebase_tim.o
 .debug_abbrev  0x00000000000009aa      0x1a4 ./Core/Src/stm32f7xx_it.o
 .debug_abbrev  0x0000000000000b4e      0x136 ./Core/Src/system_stm32f7xx.o
 .debug_abbrev  0x0000000000000c84       0x12 ./Core/Startup/startup_stm32f722zetx.o
 .debug_abbrev  0x0000000000000c96      0x20d ./Drivers/STM32F7xx_HAL_Driver/Src/stm32f7xx_hal.o
 .debug_abbrev  0x0000000000000ea3      0x316 ./Drivers/STM32F7xx_HAL_Driver/Src/stm32f7xx_hal_cortex.o
 .debug_abbrev  0x00000000000011b9      0x25b ./Drivers/STM32F7xx_HAL_Driver/Src/stm32f7xx_hal_dma.o
 .debug_abbrev  0x0000000000001414      0x1c4 ./Drivers/STM32F7xx_HAL_Driver/Src/stm32f7xx_hal_gpio.o
 .debug_abbrev  0x00000000000015d8      0x2d2 ./Drivers/STM32F7xx_HAL_Driver/Src/stm32f7xx_hal_pcd.o
 .debug_abbrev  0x00000000000018aa      0x1bd ./Drivers/STM32F7xx_HAL_Driver/Src/stm32f7xx_hal_pcd_ex.o
 .debug_abbrev  0x0000000000001a67      0x1b8 ./Drivers/STM32F7xx_HAL_Driver/Src/stm32f7xx_hal_pwr.o
 .debug_abbrev  0x0000000000001c1f      0x1cb ./Drivers/STM32F7xx_HAL_Driver/Src/stm32f7xx_hal_pwr_ex.o
 .debug_abbrev  0x0000000000001dea      0x27b ./Drivers/STM32F7xx_HAL_Driver/Src/stm32f7xx_hal_rcc.o
 .debug_abbrev  0x0000000000002065      0x197 ./Drivers/STM32F7xx_HAL_Driver/Src/stm32f7xx_hal_rcc_ex.o
 .debug_abbrev  0x00000000000021fc      0x264 ./Drivers/STM32F7xx_HAL_Driver/Src/stm32f7xx_hal_tim.o
 .debug_abbrev  0x0000000000002460      0x26c ./Drivers/STM32F7xx_HAL_Driver/Src/stm32f7xx_hal_tim_ex.o
 .debug_abbrev  0x00000000000026cc      0x2ce ./Drivers/STM32F7xx_HAL_Driver/Src/stm32f7xx_hal_uart.o
 .debug_abbrev  0x000000000000299a      0x278 ./Drivers/STM32F7xx_HAL_Driver/Src/stm32f7xx_ll_usb.o
 .debug_abbrev  0x0000000000002c12      0x406 ./Middlewares/Third_Party/FreeRTOS/Source/CMSIS_RTOS/cmsis_os.o
 .debug_abbrev  0x0000000000003018       0xf2 ./Middlewares/Third_Party/FreeRTOS/Source/list.o
 .debug_abbrev  0x000000000000310a      0x3a1 ./Middlewares/Third_Party/FreeRTOS/Source/queue.o
 .debug_abbrev  0x00000000000034ab      0x3c4 ./Middlewares/Third_Party/FreeRTOS/Source/tasks.o
 .debug_abbrev  0x000000000000386f      0x26f ./Middlewares/Third_Party/FreeRTOS/Source/portable/GCC/ARM_CM7/r0p1/port.o
 .debug_abbrev  0x0000000000003ade      0x1ff ./Middlewares/Third_Party/FreeRTOS/Source/portable/MemMang/heap_4.o

.debug_aranges  0x0000000000000000     0x1738
 .debug_aranges
                0x0000000000000000       0x20 ./Core/Src/freertos.o
 .debug_aranges
                0x0000000000000020       0x90 ./Core/Src/main.o
 .debug_aranges
                0x00000000000000b0       0x50 ./Core/Src/stm32f7xx_hal_msp.o
 .debug_aranges
                0x0000000000000100       0x30 ./Core/Src/stm32f7xx_hal_timebase_tim.o
 .debug_aranges
                0x0000000000000130       0x60 ./Core/Src/stm32f7xx_it.o
 .debug_aranges
                0x0000000000000190       0x28 ./Core/Src/system_stm32f7xx.o
 .debug_aranges
                0x00000000000001b8       0x28 ./Core/Startup/startup_stm32f722zetx.o
 .debug_aranges
                0x00000000000001e0      0x100 ./Drivers/STM32F7xx_HAL_Driver/Src/stm32f7xx_hal.o
 .debug_aranges
                0x00000000000002e0      0x118 ./Drivers/STM32F7xx_HAL_Driver/Src/stm32f7xx_hal_cortex.o
 .debug_aranges
                0x00000000000003f8       0x90 ./Drivers/STM32F7xx_HAL_Driver/Src/stm32f7xx_hal_dma.o
 .debug_aranges
                0x0000000000000488       0x58 ./Drivers/STM32F7xx_HAL_Driver/Src/stm32f7xx_hal_gpio.o
 .debug_aranges
                0x00000000000004e0      0x148 ./Drivers/STM32F7xx_HAL_Driver/Src/stm32f7xx_hal_pcd.o
 .debug_aranges
                0x0000000000000628       0x48 ./Drivers/STM32F7xx_HAL_Driver/Src/stm32f7xx_hal_pcd_ex.o
 .debug_aranges
                0x0000000000000670       0xa0 ./Drivers/STM32F7xx_HAL_Driver/Src/stm32f7xx_hal_pwr.o
 .debug_aranges
                0x0000000000000710       0x80 ./Drivers/STM32F7xx_HAL_Driver/Src/stm32f7xx_hal_pwr_ex.o
 .debug_aranges
                0x0000000000000790       0x88 ./Drivers/STM32F7xx_HAL_Driver/Src/stm32f7xx_hal_rcc.o
 .debug_aranges
                0x0000000000000818       0x50 ./Drivers/STM32F7xx_HAL_Driver/Src/stm32f7xx_hal_rcc_ex.o
 .debug_aranges
                0x0000000000000868      0x3e0 ./Drivers/STM32F7xx_HAL_Driver/Src/stm32f7xx_hal_tim.o
 .debug_aranges
                0x0000000000000c48      0x178 ./Drivers/STM32F7xx_HAL_Driver/Src/stm32f7xx_hal_tim_ex.o
 .debug_aranges
                0x0000000000000dc0      0x228 ./Drivers/STM32F7xx_HAL_Driver/Src/stm32f7xx_hal_uart.o
 .debug_aranges
                0x0000000000000fe8      0x1a8 ./Drivers/STM32F7xx_HAL_Driver/Src/stm32f7xx_ll_usb.o
 .debug_aranges
                0x0000000000001190      0x1d8 ./Middlewares/Third_Party/FreeRTOS/Source/CMSIS_RTOS/cmsis_os.o
 .debug_aranges
                0x0000000000001368       0x40 ./Middlewares/Third_Party/FreeRTOS/Source/list.o
 .debug_aranges
                0x00000000000013a8      0x118 ./Middlewares/Third_Party/FreeRTOS/Source/queue.o
 .debug_aranges
                0x00000000000014c0      0x1a8 ./Middlewares/Third_Party/FreeRTOS/Source/tasks.o
 .debug_aranges
                0x0000000000001668       0x80 ./Middlewares/Third_Party/FreeRTOS/Source/portable/GCC/ARM_CM7/r0p1/port.o
 .debug_aranges
                0x00000000000016e8       0x50 ./Middlewares/Third_Party/FreeRTOS/Source/portable/MemMang/heap_4.o

.debug_ranges   0x0000000000000000     0x15c0
 .debug_ranges  0x0000000000000000       0x10 ./Core/Src/freertos.o
 .debug_ranges  0x0000000000000010       0x80 ./Core/Src/main.o
 .debug_ranges  0x0000000000000090       0x40 ./Core/Src/stm32f7xx_hal_msp.o
 .debug_ranges  0x00000000000000d0       0x20 ./Core/Src/stm32f7xx_hal_timebase_tim.o
 .debug_ranges  0x00000000000000f0       0x50 ./Core/Src/stm32f7xx_it.o
 .debug_ranges  0x0000000000000140       0x18 ./Core/Src/system_stm32f7xx.o
 .debug_ranges  0x0000000000000158       0x20 ./Core/Startup/startup_stm32f722zetx.o
 .debug_ranges  0x0000000000000178       0xf0 ./Drivers/STM32F7xx_HAL_Driver/Src/stm32f7xx_hal.o
 .debug_ranges  0x0000000000000268      0x108 ./Drivers/STM32F7xx_HAL_Driver/Src/stm32f7xx_hal_cortex.o
 .debug_ranges  0x0000000000000370       0x80 ./Drivers/STM32F7xx_HAL_Driver/Src/stm32f7xx_hal_dma.o
 .debug_ranges  0x00000000000003f0       0x48 ./Drivers/STM32F7xx_HAL_Driver/Src/stm32f7xx_hal_gpio.o
 .debug_ranges  0x0000000000000438      0x138 ./Drivers/STM32F7xx_HAL_Driver/Src/stm32f7xx_hal_pcd.o
 .debug_ranges  0x0000000000000570       0x38 ./Drivers/STM32F7xx_HAL_Driver/Src/stm32f7xx_hal_pcd_ex.o
 .debug_ranges  0x00000000000005a8       0x90 ./Drivers/STM32F7xx_HAL_Driver/Src/stm32f7xx_hal_pwr.o
 .debug_ranges  0x0000000000000638       0x70 ./Drivers/STM32F7xx_HAL_Driver/Src/stm32f7xx_hal_pwr_ex.o
 .debug_ranges  0x00000000000006a8       0x78 ./Drivers/STM32F7xx_HAL_Driver/Src/stm32f7xx_hal_rcc.o
 .debug_ranges  0x0000000000000720       0x40 ./Drivers/STM32F7xx_HAL_Driver/Src/stm32f7xx_hal_rcc_ex.o
 .debug_ranges  0x0000000000000760      0x3d0 ./Drivers/STM32F7xx_HAL_Driver/Src/stm32f7xx_hal_tim.o
 .debug_ranges  0x0000000000000b30      0x168 ./Drivers/STM32F7xx_HAL_Driver/Src/stm32f7xx_hal_tim_ex.o
 .debug_ranges  0x0000000000000c98      0x248 ./Drivers/STM32F7xx_HAL_Driver/Src/stm32f7xx_hal_uart.o
 .debug_ranges  0x0000000000000ee0      0x198 ./Drivers/STM32F7xx_HAL_Driver/Src/stm32f7xx_ll_usb.o
 .debug_ranges  0x0000000000001078      0x1c8 ./Middlewares/Third_Party/FreeRTOS/Source/CMSIS_RTOS/cmsis_os.o
 .debug_ranges  0x0000000000001240       0x30 ./Middlewares/Third_Party/FreeRTOS/Source/list.o
 .debug_ranges  0x0000000000001270      0x108 ./Middlewares/Third_Party/FreeRTOS/Source/queue.o
 .debug_ranges  0x0000000000001378      0x198 ./Middlewares/Third_Party/FreeRTOS/Source/tasks.o
 .debug_ranges  0x0000000000001510       0x70 ./Middlewares/Third_Party/FreeRTOS/Source/portable/GCC/ARM_CM7/r0p1/port.o
 .debug_ranges  0x0000000000001580       0x40 ./Middlewares/Third_Party/FreeRTOS/Source/portable/MemMang/heap_4.o

.debug_macro    0x0000000000000000    0x24dd8
 .debug_macro   0x0000000000000000      0x31a ./Core/Src/freertos.o
 .debug_macro   0x000000000000031a      0xa78 ./Core/Src/freertos.o
 .debug_macro   0x0000000000000d92      0x174 ./Core/Src/freertos.o
 .debug_macro   0x0000000000000f06       0x22 ./Core/Src/freertos.o
 .debug_macro   0x0000000000000f28       0x8e ./Core/Src/freertos.o
 .debug_macro   0x0000000000000fb6       0x51 ./Core/Src/freertos.o
 .debug_macro   0x0000000000001007      0x103 ./Core/Src/freertos.o
 .debug_macro   0x000000000000110a       0x6a ./Core/Src/freertos.o
 .debug_macro   0x0000000000001174      0x1df ./Core/Src/freertos.o
 .debug_macro   0x0000000000001353       0xf7 ./Core/Src/freertos.o
 .debug_macro   0x000000000000144a      0x15a ./Core/Src/freertos.o
 .debug_macro   0x00000000000015a4       0xde ./Core/Src/freertos.o
 .debug_macro   0x0000000000001682       0x1c ./Core/Src/freertos.o
 .debug_macro   0x000000000000169e       0x26 ./Core/Src/freertos.o
 .debug_macro   0x00000000000016c4       0x52 ./Core/Src/freertos.o
 .debug_macro   0x0000000000001716       0x1e ./Core/Src/freertos.o
 .debug_macro   0x0000000000001734       0x3c ./Core/Src/freertos.o
 .debug_macro   0x0000000000001770       0x34 ./Core/Src/freertos.o
 .debug_macro   0x00000000000017a4       0x16 ./Core/Src/freertos.o
 .debug_macro   0x00000000000017ba       0x43 ./Core/Src/freertos.o
 .debug_macro   0x00000000000017fd       0x34 ./Core/Src/freertos.o
 .debug_macro   0x0000000000001831       0x10 ./Core/Src/freertos.o
 .debug_macro   0x0000000000001841       0x58 ./Core/Src/freertos.o
 .debug_macro   0x0000000000001899       0x71 ./Core/Src/freertos.o
 .debug_macro   0x000000000000190a       0x1c ./Core/Src/freertos.o
 .debug_macro   0x0000000000001926      0x12a ./Core/Src/freertos.o
 .debug_macro   0x0000000000001a50       0x10 ./Core/Src/freertos.o
 .debug_macro   0x0000000000001a60       0x35 ./Core/Src/freertos.o
 .debug_macro   0x0000000000001a95      0x4db ./Core/Src/freertos.o
 .debug_macro   0x0000000000001f70       0xb5 ./Core/Src/freertos.o
 .debug_macro   0x0000000000002025       0xaa ./Core/Src/freertos.o
 .debug_macro   0x00000000000020cf      0x299 ./Core/Src/freertos.o
 .debug_macro   0x0000000000002368       0x2e ./Core/Src/freertos.o
 .debug_macro   0x0000000000002396       0x3b ./Core/Src/freertos.o
 .debug_macro   0x00000000000023d1       0x1c ./Core/Src/freertos.o
 .debug_macro   0x00000000000023ed       0x22 ./Core/Src/freertos.o
 .debug_macro   0x000000000000240f       0xd9 ./Core/Src/freertos.o
 .debug_macro   0x00000000000024e8     0x12cd ./Core/Src/freertos.o
 .debug_macro   0x00000000000037b5      0x11f ./Core/Src/freertos.o
 .debug_macro   0x00000000000038d4       0x19 ./Core/Src/freertos.o
 .debug_macro   0x00000000000038ed    0x15c67 ./Core/Src/freertos.o
 .debug_macro   0x0000000000019554       0x6d ./Core/Src/freertos.o
 .debug_macro   0x00000000000195c1     0x3749 ./Core/Src/freertos.o
 .debug_macro   0x000000000001cd0a       0x63 ./Core/Src/freertos.o
 .debug_macro   0x000000000001cd6d     0x1588 ./Core/Src/freertos.o
 .debug_macro   0x000000000001e2f5      0x6c4 ./Core/Src/freertos.o
 .debug_macro   0x000000000001e9b9      0x17e ./Core/Src/freertos.o
 .debug_macro   0x000000000001eb37      0x115 ./Core/Src/freertos.o
 .debug_macro   0x000000000001ec4c      0x1d8 ./Core/Src/freertos.o
 .debug_macro   0x000000000001ee24       0xa5 ./Core/Src/freertos.o
 .debug_macro   0x000000000001eec9      0x24f ./Core/Src/freertos.o
 .debug_macro   0x000000000001f118       0x71 ./Core/Src/freertos.o
 .debug_macro   0x000000000001f189       0x58 ./Core/Src/freertos.o
 .debug_macro   0x000000000001f1e1      0x236 ./Core/Src/freertos.o
 .debug_macro   0x000000000001f417      0x154 ./Core/Src/freertos.o
 .debug_macro   0x000000000001f56b      0x2c3 ./Core/Src/freertos.o
 .debug_macro   0x000000000001f82e       0x12 ./Core/Src/freertos.o
 .debug_macro   0x000000000001f840      0x22c ./Core/Src/freertos.o
 .debug_macro   0x000000000001fa6c       0x61 ./Core/Src/freertos.o
 .debug_macro   0x000000000001facd       0xa5 ./Core/Src/freertos.o
 .debug_macro   0x000000000001fb72      0x12e ./Core/Src/freertos.o
 .debug_macro   0x000000000001fca0      0x108 ./Core/Src/freertos.o
 .debug_macro   0x000000000001fda8       0x35 ./Core/Src/freertos.o
 .debug_macro   0x000000000001fddd      0xa7c ./Core/Src/freertos.o
 .debug_macro   0x0000000000020859       0x59 ./Core/Src/freertos.o
 .debug_macro   0x00000000000208b2      0x56d ./Core/Src/freertos.o
 .debug_macro   0x0000000000020e1f       0x44 ./Core/Src/freertos.o
 .debug_macro   0x0000000000020e63      0x256 ./Core/Src/freertos.o
 .debug_macro   0x00000000000210b9       0xba ./Core/Src/freertos.o
 .debug_macro   0x0000000000021173      0x14d ./Core/Src/freertos.o
 .debug_macro   0x00000000000212c0       0xd6 ./Core/Src/freertos.o
 .debug_macro   0x0000000000021396      0x365 ./Core/Src/main.o
 .debug_macro   0x00000000000216fb       0xf7 ./Core/Src/main.o
 .debug_macro   0x00000000000217f2       0x91 ./Core/Src/main.o
 .debug_macro   0x0000000000021883       0x8d ./Core/Src/main.o
 .debug_macro   0x0000000000021910       0x7e ./Core/Src/main.o
 .debug_macro   0x000000000002198e       0x19 ./Core/Src/main.o
 .debug_macro   0x00000000000219a7       0xf2 ./Core/Src/main.o
 .debug_macro   0x0000000000021a99      0x215 ./Core/Src/stm32f7xx_hal_msp.o
 .debug_macro   0x0000000000021cae      0x206 ./Core/Src/stm32f7xx_hal_timebase_tim.o
 .debug_macro   0x0000000000021eb4      0x21f ./Core/Src/stm32f7xx_it.o
 .debug_macro   0x00000000000220d3      0x206 ./Core/Src/system_stm32f7xx.o
 .debug_macro   0x00000000000222d9      0x22a ./Drivers/STM32F7xx_HAL_Driver/Src/stm32f7xx_hal.o
 .debug_macro   0x0000000000022503      0x206 ./Drivers/STM32F7xx_HAL_Driver/Src/stm32f7xx_hal_cortex.o
 .debug_macro   0x0000000000022709      0x20c ./Drivers/STM32F7xx_HAL_Driver/Src/stm32f7xx_hal_dma.o
 .debug_macro   0x0000000000022915      0x20c ./Drivers/STM32F7xx_HAL_Driver/Src/stm32f7xx_hal_gpio.o
 .debug_macro   0x0000000000022b21      0x212 ./Drivers/STM32F7xx_HAL_Driver/Src/stm32f7xx_hal_pcd.o
 .debug_macro   0x0000000000022d33      0x206 ./Drivers/STM32F7xx_HAL_Driver/Src/stm32f7xx_hal_pcd_ex.o
 .debug_macro   0x0000000000022f39      0x224 ./Drivers/STM32F7xx_HAL_Driver/Src/stm32f7xx_hal_pwr.o
 .debug_macro   0x000000000002315d      0x21e ./Drivers/STM32F7xx_HAL_Driver/Src/stm32f7xx_hal_pwr_ex.o
 .debug_macro   0x000000000002337b      0x22a ./Drivers/STM32F7xx_HAL_Driver/Src/stm32f7xx_hal_rcc.o
 .debug_macro   0x00000000000235a5      0x206 ./Drivers/STM32F7xx_HAL_Driver/Src/stm32f7xx_hal_rcc_ex.o
 .debug_macro   0x00000000000237ab      0x207 ./Drivers/STM32F7xx_HAL_Driver/Src/stm32f7xx_hal_tim.o
 .debug_macro   0x00000000000239b2      0x206 ./Drivers/STM32F7xx_HAL_Driver/Src/stm32f7xx_hal_tim_ex.o
 .debug_macro   0x0000000000023bb8      0x223 ./Drivers/STM32F7xx_HAL_Driver/Src/stm32f7xx_hal_uart.o
 .debug_macro   0x0000000000023ddb      0x206 ./Drivers/STM32F7xx_HAL_Driver/Src/stm32f7xx_ll_usb.o
 .debug_macro   0x0000000000023fe1      0x210 ./Middlewares/Third_Party/FreeRTOS/Source/CMSIS_RTOS/cmsis_os.o
 .debug_macro   0x00000000000241f1       0x10 ./Middlewares/Third_Party/FreeRTOS/Source/CMSIS_RTOS/cmsis_os.o
 .debug_macro   0x0000000000024201       0x20 ./Middlewares/Third_Party/FreeRTOS/Source/CMSIS_RTOS/cmsis_os.o
 .debug_macro   0x0000000000024221       0x16 ./Middlewares/Third_Party/FreeRTOS/Source/CMSIS_RTOS/cmsis_os.o
 .debug_macro   0x0000000000024237       0xc7 ./Middlewares/Third_Party/FreeRTOS/Source/CMSIS_RTOS/cmsis_os.o
 .debug_macro   0x00000000000242fe      0x199 ./Middlewares/Third_Party/FreeRTOS/Source/list.o
 .debug_macro   0x0000000000024497      0x228 ./Middlewares/Third_Party/FreeRTOS/Source/queue.o
 .debug_macro   0x00000000000246bf       0x16 ./Middlewares/Third_Party/FreeRTOS/Source/queue.o
 .debug_macro   0x00000000000246d5       0x87 ./Middlewares/Third_Party/FreeRTOS/Source/queue.o
 .debug_macro   0x000000000002475c      0x28b ./Middlewares/Third_Party/FreeRTOS/Source/tasks.o
 .debug_macro   0x00000000000249e7       0x10 ./Middlewares/Third_Party/FreeRTOS/Source/tasks.o