../Core/Src/main.c:78:6:HAL_GPIO_EXTI_Callback	16	static
../Core/Src/main.c:89:6:HAL_UART_RxCpltCallback	16	static
../Core/Src/main.c:106:5:main	176	static
../Core/Src/main.c:204:6:SystemClock_Config	88	static
../Core/Src/main.c:261:13:MX_TIM9_Init	24	static
../Core/Src/main.c:299:13:MX_USART3_UART_Init	8	static
../Core/Src/main.c:337:13:MX_USB_OTG_FS_PCD_Init	8	static
../Core/Src/main.c:372:13:MX_GPIO_Init	56	static
../Core/Src/main.c:423:6:StartSecondTask	16	static
../Core/Src/main.c:434:6:StartThirdTask	16	static
../Core/Src/main.c:445:6:StartInterruptTask	32	static
../Core/Src/main.c:461:6:StartUartReceiveTask	32	static
../Core/Src/main.c:485:6:StartDefaultTask	16	static
../Core/Src/main.c:505:6:HAL_TIM_PeriodElapsedCallback	16	static
../Core/Src/main.c:522:6:Error_Handler	4	static,ignoring_inline_asm
